Archive member included to satisfy reference by file (symbol)

c:/st/stm32cubeide_1.3.0/stm32cubeide/plugins/com.st.stm32cube.ide.mcu.externaltools.gnu-tools-for-stm32.9-2020-q2-update.win32_1.5.0.202011040924/tools/bin/../lib/gcc/arm-none-eabi/9.3.1/../../../../arm-none-eabi/lib/thumb/v7-m/nofp\libc_nano.a(lib_a-errno.o)
                              Core/Src/syscalls.o (__errno)
c:/st/stm32cubeide_1.3.0/stm32cubeide/plugins/com.st.stm32cube.ide.mcu.externaltools.gnu-tools-for-stm32.9-2020-q2-update.win32_1.5.0.202011040924/tools/bin/../lib/gcc/arm-none-eabi/9.3.1/../../../../arm-none-eabi/lib/thumb/v7-m/nofp\libc_nano.a(lib_a-exit.o)
                              c:/st/stm32cubeide_1.3.0/stm32cubeide/plugins/com.st.stm32cube.ide.mcu.externaltools.gnu-tools-for-stm32.9-2020-q2-update.win32_1.5.0.202011040924/tools/bin/../lib/gcc/arm-none-eabi/9.3.1/../../../../arm-none-eabi/lib/thumb/v7-m/nofp/crt0.o (exit)
c:/st/stm32cubeide_1.3.0/stm32cubeide/plugins/com.st.stm32cube.ide.mcu.externaltools.gnu-tools-for-stm32.9-2020-q2-update.win32_1.5.0.202011040924/tools/bin/../lib/gcc/arm-none-eabi/9.3.1/../../../../arm-none-eabi/lib/thumb/v7-m/nofp\libc_nano.a(lib_a-impure.o)
                              c:/st/stm32cubeide_1.3.0/stm32cubeide/plugins/com.st.stm32cube.ide.mcu.externaltools.gnu-tools-for-stm32.9-2020-q2-update.win32_1.5.0.202011040924/tools/bin/../lib/gcc/arm-none-eabi/9.3.1/../../../../arm-none-eabi/lib/thumb/v7-m/nofp\libc_nano.a(lib_a-exit.o) (_global_impure_ptr)
c:/st/stm32cubeide_1.3.0/stm32cubeide/plugins/com.st.stm32cube.ide.mcu.externaltools.gnu-tools-for-stm32.9-2020-q2-update.win32_1.5.0.202011040924/tools/bin/../lib/gcc/arm-none-eabi/9.3.1/../../../../arm-none-eabi/lib/thumb/v7-m/nofp\libc_nano.a(lib_a-init.o)
                              c:/st/stm32cubeide_1.3.0/stm32cubeide/plugins/com.st.stm32cube.ide.mcu.externaltools.gnu-tools-for-stm32.9-2020-q2-update.win32_1.5.0.202011040924/tools/bin/../lib/gcc/arm-none-eabi/9.3.1/../../../../arm-none-eabi/lib/thumb/v7-m/nofp/crt0.o (__libc_init_array)
c:/st/stm32cubeide_1.3.0/stm32cubeide/plugins/com.st.stm32cube.ide.mcu.externaltools.gnu-tools-for-stm32.9-2020-q2-update.win32_1.5.0.202011040924/tools/bin/../lib/gcc/arm-none-eabi/9.3.1/../../../../arm-none-eabi/lib/thumb/v7-m/nofp\libc_nano.a(lib_a-memcpy-stub.o)
                              Middlewares/Third_Party/FreeRTOS/Source/queue.o (memcpy)
c:/st/stm32cubeide_1.3.0/stm32cubeide/plugins/com.st.stm32cube.ide.mcu.externaltools.gnu-tools-for-stm32.9-2020-q2-update.win32_1.5.0.202011040924/tools/bin/../lib/gcc/arm-none-eabi/9.3.1/../../../../arm-none-eabi/lib/thumb/v7-m/nofp\libc_nano.a(lib_a-memset.o)
                              c:/st/stm32cubeide_1.3.0/stm32cubeide/plugins/com.st.stm32cube.ide.mcu.externaltools.gnu-tools-for-stm32.9-2020-q2-update.win32_1.5.0.202011040924/tools/bin/../lib/gcc/arm-none-eabi/9.3.1/../../../../arm-none-eabi/lib/thumb/v7-m/nofp/crt0.o (memset)
c:/st/stm32cubeide_1.3.0/stm32cubeide/plugins/com.st.stm32cube.ide.mcu.externaltools.gnu-tools-for-stm32.9-2020-q2-update.win32_1.5.0.202011040924/tools/bin/../lib/gcc/arm-none-eabi/9.3.1/thumb/v7-m/nofp\libgcc.a(_arm_muldf3.o)
                              Printf_Custom/printf_custom.o (__aeabi_dmul)
c:/st/stm32cubeide_1.3.0/stm32cubeide/plugins/com.st.stm32cube.ide.mcu.externaltools.gnu-tools-for-stm32.9-2020-q2-update.win32_1.5.0.202011040924/tools/bin/../lib/gcc/arm-none-eabi/9.3.1/thumb/v7-m/nofp\libgcc.a(_arm_addsubdf3.o)
                              Printf_Custom/printf_custom.o (__aeabi_dsub)
c:/st/stm32cubeide_1.3.0/stm32cubeide/plugins/com.st.stm32cube.ide.mcu.externaltools.gnu-tools-for-stm32.9-2020-q2-update.win32_1.5.0.202011040924/tools/bin/../lib/gcc/arm-none-eabi/9.3.1/thumb/v7-m/nofp\libgcc.a(_arm_cmpdf2.o)
                              Printf_Custom/printf_custom.o (__aeabi_dcmplt)
c:/st/stm32cubeide_1.3.0/stm32cubeide/plugins/com.st.stm32cube.ide.mcu.externaltools.gnu-tools-for-stm32.9-2020-q2-update.win32_1.5.0.202011040924/tools/bin/../lib/gcc/arm-none-eabi/9.3.1/thumb/v7-m/nofp\libgcc.a(_arm_fixdfsi.o)
                              Printf_Custom/printf_custom.o (__aeabi_d2iz)

Allocating common symbols
Common symbol       size              file

hUsbDeviceFS        0x2c4             Core/Src/freertos.o
defaultTaskHandle   0x4               Core/Src/freertos.o
uwTick              0x4               Drivers/STM32F1xx_HAL_Driver/Src/stm32f1xx_hal.o
xQueueRegistry      0x40              Middlewares/Third_Party/FreeRTOS/Source/queue.o
pFlash              0x20              Drivers/STM32F1xx_HAL_Driver/Src/stm32f1xx_hal_flash.o
UserRxBufferFS      0x3e8             USB_DEVICE/App/usbd_cdc_if.o
huart1              0x40              Core/Src/usart.o
UserTxBufferFS      0x3e8             USB_DEVICE/App/usbd_cdc_if.o
htim1               0x48              Core/Src/stm32f1xx_hal_timebase_tim.o
Task3Handle         0x4               Core/Src/freertos.o
Task2Handle         0x4               Core/Src/freertos.o
[...]
Memory Configuration

Name             Origin             Length             Attributes
RAM              0x0000000020000000 0x0000000000005000 xrw
FLASH            0x0000000008000000 0x0000000000010000 xr
*default*        0x0000000000000000 0xffffffffffffffff

Linker script and memory map

LOAD c:/st/stm32cubeide_1.3.0/stm32cubeide/plugins/com.st.stm32cube.ide.mcu.externaltools.gnu-tools-for-stm32.9-2020-q2-update.win32_1.5.0.202011040924/tools/bin/../lib/gcc/arm-none-eabi/9.3.1/thumb/v7-m/nofp/crti.o
LOAD c:/st/stm32cubeide_1.3.0/stm32cubeide/plugins/com.st.stm32cube.ide.mcu.externaltools.gnu-tools-for-stm32.9-2020-q2-update.win32_1.5.0.202011040924/tools/bin/../lib/gcc/arm-none-eabi/9.3.1/thumb/v7-m/nofp/crtbegin.o
LOAD c:/st/stm32cubeide_1.3.0/stm32cubeide/plugins/com.st.stm32cube.ide.mcu.externaltools.gnu-tools-for-stm32.9-2020-q2-update.win32_1.5.0.202011040924/tools/bin/../lib/gcc/arm-none-eabi/9.3.1/../../../../arm-none-eabi/lib/thumb/v7-m/nofp/crt0.o
LOAD Core/Src/freertos.o
LOAD Core/Src/gpio.o
LOAD Core/Src/main.o
LOAD Core/Src/stm32f1xx_hal_msp.o
LOAD Core/Src/stm32f1xx_hal_timebase_tim.o
LOAD Core/Src/stm32f1xx_it.o
LOAD Core/Src/syscalls.o
LOAD Core/Src/sysmem.o
LOAD Core/Src/system_stm32f1xx.o
LOAD Core/Src/usart.o
LOAD Core/Startup/startup_stm32f103c8tx.o
LOAD Drivers/STM32F1xx_HAL_Driver/Src/stm32f1xx_hal.o
LOAD Drivers/STM32F1xx_HAL_Driver/Src/stm32f1xx_hal_cortex.o
LOAD Drivers/STM32F1xx_HAL_Driver/Src/stm32f1xx_hal_dma.o
LOAD Drivers/STM32F1xx_HAL_Driver/Src/stm32f1xx_hal_exti.o
LOAD Drivers/STM32F1xx_HAL_Driver/Src/stm32f1xx_hal_flash.o
LOAD Drivers/STM32F1xx_HAL_Driver/Src/stm32f1xx_hal_flash_ex.o
LOAD Drivers/STM32F1xx_HAL_Driver/Src/stm32f1xx_hal_gpio.o
LOAD Drivers/STM32F1xx_HAL_Driver/Src/stm32f1xx_hal_gpio_ex.o
LOAD Drivers/STM32F1xx_HAL_Driver/Src/stm32f1xx_hal_pcd.o
LOAD Drivers/STM32F1xx_HAL_Driver/Src/stm32f1xx_hal_pcd_ex.o
LOAD Drivers/STM32F1xx_HAL_Driver/Src/stm32f1xx_hal_pwr.o
LOAD Drivers/STM32F1xx_HAL_Driver/Src/stm32f1xx_hal_rcc.o
LOAD Drivers/STM32F1xx_HAL_Driver/Src/stm32f1xx_hal_rcc_ex.o
LOAD Drivers/STM32F1xx_HAL_Driver/Src/stm32f1xx_hal_tim.o
LOAD Drivers/STM32F1xx_HAL_Driver/Src/stm32f1xx_hal_tim_ex.o
LOAD Drivers/STM32F1xx_HAL_Driver/Src/stm32f1xx_hal_uart.o
LOAD Drivers/STM32F1xx_HAL_Driver/Src/stm32f1xx_ll_usb.o
LOAD Middlewares/ST/STM32_USB_Device_Library/Class/CDC/Src/usbd_cdc.o
LOAD Middlewares/ST/STM32_USB_Device_Library/Core/Src/usbd_core.o
LOAD Middlewares/ST/STM32_USB_Device_Library/Core/Src/usbd_ctlreq.o
LOAD Middlewares/ST/STM32_USB_Device_Library/Core/Src/usbd_ioreq.o
LOAD Middlewares/Third_Party/FreeRTOS/Source/CMSIS_RTOS/cmsis_os.o
LOAD Middlewares/Third_Party/FreeRTOS/Source/croutine.o
LOAD Middlewares/Third_Party/FreeRTOS/Source/event_groups.o
LOAD Middlewares/Third_Party/FreeRTOS/Source/list.o
LOAD Middlewares/Third_Party/FreeRTOS/Source/queue.o
LOAD Middlewares/Third_Party/FreeRTOS/Source/stream_buffer.o
LOAD Middlewares/Third_Party/FreeRTOS/Source/tasks.o
LOAD Middlewares/Third_Party/FreeRTOS/Source/timers.o
LOAD Middlewares/Third_Party/FreeRTOS/Source/portable/GCC/ARM_CM3/port.o
LOAD Middlewares/Third_Party/FreeRTOS/Source/portable/MemMang/heap_4.o
LOAD Printf_Custom/printf_custom.o
LOAD USB_DEVICE/App/usb_device.o
LOAD USB_DEVICE/App/usbd_cdc_if.o
LOAD USB_DEVICE/App/usbd_desc.o
LOAD USB_DEVICE/Target/usbd_conf.o
START GROUP
LOAD c:/st/stm32cubeide_1.3.0/stm32cubeide/plugins/com.st.stm32cube.ide.mcu.externaltools.gnu-tools-for-stm32.9-2020-q2-update.win32_1.5.0.202011040924/tools/bin/../lib/gcc/arm-none-eabi/9.3.1/../../../../arm-none-eabi/lib/thumb/v7-m/nofp\libc_nano.a
LOAD c:/st/stm32cubeide_1.3.0/stm32cubeide/plugins/com.st.stm32cube.ide.mcu.externaltools.gnu-tools-for-stm32.9-2020-q2-update.win32_1.5.0.202011040924/tools/bin/../lib/gcc/arm-none-eabi/9.3.1/../../../../arm-none-eabi/lib/thumb/v7-m/nofp\libm.a
END GROUP
START GROUP
LOAD c:/st/stm32cubeide_1.3.0/stm32cubeide/plugins/com.st.stm32cube.ide.mcu.externaltools.gnu-tools-for-stm32.9-2020-q2-update.win32_1.5.0.202011040924/tools/bin/../lib/gcc/arm-none-eabi/9.3.1/thumb/v7-m/nofp\libgcc.a
LOAD c:/st/stm32cubeide_1.3.0/stm32cubeide/plugins/com.st.stm32cube.ide.mcu.externaltools.gnu-tools-for-stm32.9-2020-q2-update.win32_1.5.0.202011040924/tools/bin/../lib/gcc/arm-none-eabi/9.3.1/../../../../arm-none-eabi/lib/thumb/v7-m/nofp\libc_nano.a
END GROUP
START GROUP
LOAD c:/st/stm32cubeide_1.3.0/stm32cubeide/plugins/com.st.stm32cube.ide.mcu.externaltools.gnu-tools-for-stm32.9-2020-q2-update.win32_1.5.0.202011040924/tools/bin/../lib/gcc/arm-none-eabi/9.3.1/thumb/v7-m/nofp\libgcc.a
LOAD c:/st/stm32cubeide_1.3.0/stm32cubeide/plugins/com.st.stm32cube.ide.mcu.externaltools.gnu-tools-for-stm32.9-2020-q2-update.win32_1.5.0.202011040924/tools/bin/../lib/gcc/arm-none-eabi/9.3.1/../../../../arm-none-eabi/lib/thumb/v7-m/nofp\libc_nano.a
LOAD c:/st/stm32cubeide_1.3.0/stm32cubeide/plugins/com.st.stm32cube.ide.mcu.externaltools.gnu-tools-for-stm32.9-2020-q2-update.win32_1.5.0.202011040924/tools/bin/../lib/gcc/arm-none-eabi/9.3.1/../../../../arm-none-eabi/lib/thumb/v7-m/nofp\libnosys.a
END GROUP
START GROUP
LOAD c:/st/stm32cubeide_1.3.0/stm32cubeide/plugins/com.st.stm32cube.ide.mcu.externaltools.gnu-tools-for-stm32.9-2020-q2-update.win32_1.5.0.202011040924/tools/bin/../lib/gcc/arm-none-eabi/9.3.1/thumb/v7-m/nofp\libgcc.a
LOAD c:/st/stm32cubeide_1.3.0/stm32cubeide/plugins/com.st.stm32cube.ide.mcu.externaltools.gnu-tools-for-stm32.9-2020-q2-update.win32_1.5.0.202011040924/tools/bin/../lib/gcc/arm-none-eabi/9.3.1/../../../../arm-none-eabi/lib/thumb/v7-m/nofp\libc_nano.a
LOAD c:/st/stm32cubeide_1.3.0/stm32cubeide/plugins/com.st.stm32cube.ide.mcu.externaltools.gnu-tools-for-stm32.9-2020-q2-update.win32_1.5.0.202011040924/tools/bin/../lib/gcc/arm-none-eabi/9.3.1/../../../../arm-none-eabi/lib/thumb/v7-m/nofp\libnosys.a
END GROUP
LOAD c:/st/stm32cubeide_1.3.0/stm32cubeide/plugins/com.st.stm32cube.ide.mcu.externaltools.gnu-tools-for-stm32.9-2020-q2-update.win32_1.5.0.202011040924/tools/bin/../lib/gcc/arm-none-eabi/9.3.1/thumb/v7-m/nofp/crtend.o
LOAD c:/st/stm32cubeide_1.3.0/stm32cubeide/plugins/com.st.stm32cube.ide.mcu.externaltools.gnu-tools-for-stm32.9-2020-q2-update.win32_1.5.0.202011040924/tools/bin/../lib/gcc/arm-none-eabi/9.3.1/thumb/v7-m/nofp/crtn.o
                0x0000000020005000                _estack = (ORIGIN (RAM) + LENGTH (RAM))
                0x0000000000001000                _Min_Heap_Size = 0x1000
                0x0000000000000400                _Min_Stack_Size = 0x400

.isr_vector     0x0000000008000000      0x10c
                0x0000000008000000                . = ALIGN (0x4)
 *(.isr_vector)
 .isr_vector    0x0000000008000000      0x10c Core/Startup/startup_stm32f103c8tx.o
                0x0000000008000000                g_pfnVectors
                0x000000000800010c                . = ALIGN (0x4)

.text           0x0000000008000110     0x98b8
                0x0000000008000110                . = ALIGN (0x4)
 *(.text)
 .text          0x0000000008000110       0x40 c:/st/stm32cubeide_1.3.0/stm32cubeide/plugins/com.st.stm32cube.ide.mcu.externaltools.gnu-tools-for-stm32.9-2020-q2-update.win32_1.5.0.202011040924/tools/bin/../lib/gcc/arm-none-eabi/9.3.1/thumb/v7-m/nofp/crtbegin.o
 .text          0x0000000008000150      0x254 c:/st/stm32cubeide_1.3.0/stm32cubeide/plugins/com.st.stm32cube.ide.mcu.externaltools.gnu-tools-for-stm32.9-2020-q2-update.win32_1.5.0.202011040924/tools/bin/../lib/gcc/arm-none-eabi/9.3.1/thumb/v7-m/nofp\libgcc.a(_arm_muldf3.o)
                0x0000000008000150                __muldf3
                0x0000000008000150                __aeabi_dmul
 .text          0x00000000080003a4      0x378 c:/st/stm32cubeide_1.3.0/stm32cubeide/plugins/com.st.stm32cube.ide.mcu.externaltools.gnu-tools-for-stm32.9-2020-q2-update.win32_1.5.0.202011040924/tools/bin/../lib/gcc/arm-none-eabi/9.3.1/thumb/v7-m/nofp\libgcc.a(_arm_addsubdf3.o)
                0x00000000080003a4                __aeabi_drsub
                0x00000000080003ac                __aeabi_dsub
                0x00000000080003ac                __subdf3
                0x00000000080003b0                __aeabi_dadd
                0x00000000080003b0                __adddf3
                0x0000000008000628                __floatunsidf
                0x0000000008000628                __aeabi_ui2d
                0x0000000008000648                __floatsidf
                0x0000000008000648                __aeabi_i2d
                0x000000000800066c                __aeabi_f2d
                0x000000000800066c                __extendsfdf2
                0x00000000080006b0                __floatundidf
                0x00000000080006b0                __aeabi_ul2d
                0x00000000080006c0                __floatdidf
                0x00000000080006c0                __aeabi_l2d
 .text          0x000000000800071c      0x110 c:/st/stm32cubeide_1.3.0/stm32cubeide/plugins/com.st.stm32cube.ide.mcu.externaltools.gnu-tools-for-stm32.9-2020-q2-update.win32_1.5.0.202011040924/tools/bin/../lib/gcc/arm-none-eabi/9.3.1/thumb/v7-m/nofp\libgcc.a(_arm_cmpdf2.o)
                0x000000000800071c                __gtdf2
                0x000000000800071c                __gedf2
                0x0000000008000724                __ltdf2
                0x0000000008000724                __ledf2
                0x000000000800072c                __nedf2
                0x000000000800072c                __eqdf2
                0x000000000800072c                __cmpdf2
                0x00000000080007a8                __aeabi_cdrcmple
                0x00000000080007b8                __aeabi_cdcmpeq
                0x00000000080007b8                __aeabi_cdcmple
                0x00000000080007c8                __aeabi_dcmpeq
                0x00000000080007dc                __aeabi_dcmplt
                0x00000000080007f0                __aeabi_dcmple
                0x0000000008000804                __aeabi_dcmpge
                0x0000000008000818                __aeabi_dcmpgt
 .text          0x000000000800082c       0x50 c:/st/stm32cubeide_1.3.0/stm32cubeide/plugins/com.st.stm32cube.ide.mcu.externaltools.gnu-tools-for-stm32.9-2020-q2-update.win32_1.5.0.202011040924/tools/bin/../lib/gcc/arm-none-eabi/9.3.1/thumb/v7-m/nofp\libgcc.a(_arm_fixdfsi.o)
                0x000000000800082c                __aeabi_d2iz
                0x000000000800082c                __fixdfsi
 *(.text*)
 *fill*         0x000000000800087c        0x4 
 .text.send_deftask
                0x0000000008000880       0x68 Core/Src/freertos.o
                0x0000000008000880                send_deftask
 .text.send_task2
                0x00000000080008e8       0x24 Core/Src/freertos.o
                0x00000000080008e8                send_task2
 .text.send_task3
                0x000000000800090c       0x24 Core/Src/freertos.o
                0x000000000800090c                send_task3
 .text.vApplicationGetIdleTaskMemory
                0x0000000008000930       0x30 Core/Src/freertos.o
                0x0000000008000930                vApplicationGetIdleTaskMemory
 .text.MX_FREERTOS_Init
                0x0000000008000960       0xc4 Core/Src/freertos.o
                0x0000000008000960                MX_FREERTOS_Init
 .text.StartDefaultTask
                0x0000000008000a24       0x28 Core/Src/freertos.o
                0x0000000008000a24                StartDefaultTask
 .text.Task2_init
                0x0000000008000a4c       0x24 Core/Src/freertos.o
                0x0000000008000a4c                Task2_init
 .text.Task3_init
                0x0000000008000a70       0x16 Core/Src/freertos.o
                0x0000000008000a70                Task3_init
 *fill*         0x0000000008000a86        0x2 
 .text.TaskLED_init
                0x0000000008000a88       0x20 Core/Src/freertos.o
                0x0000000008000a88                TaskLED_init
 .text.MX_GPIO_Init
                0x0000000008000aa8       0xc0 Core/Src/gpio.o
                0x0000000008000aa8                MX_GPIO_Init
 .text.main     0x0000000008000b68       0x1e Core/Src/main.o
                0x0000000008000b68                main
 .text.SystemClock_Config
                0x0000000008000b86       0xb8 Core/Src/main.o
                0x0000000008000b86                SystemClock_Config
 *fill*         0x0000000008000c3e        0x2 
 .text.HAL_TIM_PeriodElapsedCallback
                0x0000000008000c40       0x24 Core/Src/main.o
                0x0000000008000c40                HAL_TIM_PeriodElapsedCallback
 .text.Error_Handler
                0x0000000008000c64        0xa Core/Src/main.o
                0x0000000008000c64                Error_Handler
 *fill*         0x0000000008000c6e        0x2 
 .text.HAL_MspInit
                0x0000000008000c70       0x70 Core/Src/stm32f1xx_hal_msp.o
                0x0000000008000c70                HAL_MspInit
 .text.HAL_InitTick
                0x0000000008000ce0       0xac Core/Src/stm32f1xx_hal_timebase_tim.o
                0x0000000008000ce0                HAL_InitTick
 .text.NMI_Handler
                0x0000000008000d8c        0xa Core/Src/stm32f1xx_it.o
                0x0000000008000d8c                NMI_Handler
 .text.HardFault_Handler
                0x0000000008000d96        0x6 Core/Src/stm32f1xx_it.o
                0x0000000008000d96                HardFault_Handler
 .text.MemManage_Handler
                0x0000000008000d9c        0x6 Core/Src/stm32f1xx_it.o
                0x0000000008000d9c                MemManage_Handler
 .text.BusFault_Handler
                0x0000000008000da2        0x6 Core/Src/stm32f1xx_it.o
                0x0000000008000da2                BusFault_Handler
 .text.UsageFault_Handler
                0x0000000008000da8        0x6 Core/Src/stm32f1xx_it.o
                0x0000000008000da8                UsageFault_Handler
 .text.DebugMon_Handler
                0x0000000008000dae        0xc Core/Src/stm32f1xx_it.o
                0x0000000008000dae                DebugMon_Handler
 *fill*         0x0000000008000dba        0x2 
 .text.USB_LP_CAN1_RX0_IRQHandler
                0x0000000008000dbc       0x14 Core/Src/stm32f1xx_it.o
                0x0000000008000dbc                USB_LP_CAN1_RX0_IRQHandler
 .text.TIM1_UP_IRQHandler
                0x0000000008000dd0       0x14 Core/Src/stm32f1xx_it.o
                0x0000000008000dd0                TIM1_UP_IRQHandler
 .text.SystemInit
                0x0000000008000de4        0xc Core/Src/system_stm32f1xx.o
                0x0000000008000de4                SystemInit
 .text.MX_USART1_UART_Init
                0x0000000008000df0       0x54 Core/Src/usart.o
                0x0000000008000df0                MX_USART1_UART_Init
 .text.HAL_UART_MspInit
                0x0000000008000e44       0x98 Core/Src/usart.o
                0x0000000008000e44                HAL_UART_MspInit
 .text.Reset_Handler
                0x0000000008000edc       0x48 Core/Startup/startup_stm32f103c8tx.o
                0x0000000008000edc                Reset_Handler
 .text.Default_Handler
                0x0000000008000f24        0x2 Core/Startup/startup_stm32f103c8tx.o
                0x0000000008000f24                RTC_Alarm_IRQHandler
                0x0000000008000f24                EXTI2_IRQHandler
                0x0000000008000f24                TIM1_CC_IRQHandler
                0x0000000008000f24                PVD_IRQHandler
                0x0000000008000f24                EXTI3_IRQHandler
                0x0000000008000f24                EXTI0_IRQHandler
                0x0000000008000f24                I2C2_EV_IRQHandler
                0x0000000008000f24                ADC1_2_IRQHandler
                0x0000000008000f24                SPI1_IRQHandler
                0x0000000008000f24                TAMPER_IRQHandler
                0x0000000008000f24                DMA1_Channel4_IRQHandler
                0x0000000008000f24                USART3_IRQHandler
                0x0000000008000f24                RTC_IRQHandler
                0x0000000008000f24                DMA1_Channel7_IRQHandler
                0x0000000008000f24                CAN1_RX1_IRQHandler
                0x0000000008000f24                TIM4_IRQHandler
                0x0000000008000f24                I2C1_EV_IRQHandler
                0x0000000008000f24                DMA1_Channel6_IRQHandler
                0x0000000008000f24                TIM3_IRQHandler
                0x0000000008000f24                RCC_IRQHandler
                0x0000000008000f24                TIM1_TRG_COM_IRQHandler
                0x0000000008000f24                DMA1_Channel1_IRQHandler
                0x0000000008000f24                Default_Handler
                0x0000000008000f24                EXTI15_10_IRQHandler
                0x0000000008000f24                EXTI9_5_IRQHandler
                0x0000000008000f24                SPI2_IRQHandler
                0x0000000008000f24                DMA1_Channel5_IRQHandler
                0x0000000008000f24                EXTI4_IRQHandler
                0x0000000008000f24                USB_HP_CAN1_TX_IRQHandler
                0x0000000008000f24                DMA1_Channel3_IRQHandler
                0x0000000008000f24                WWDG_IRQHandler
                0x0000000008000f24                TIM2_IRQHandler
                0x0000000008000f24                TIM1_BRK_IRQHandler
                0x0000000008000f24                EXTI1_IRQHandler
                0x0000000008000f24                USART2_IRQHandler
                0x0000000008000f24                I2C2_ER_IRQHandler
                0x0000000008000f24                DMA1_Channel2_IRQHandler
                0x0000000008000f24                CAN1_SCE_IRQHandler
                0x0000000008000f24                FLASH_IRQHandler
                0x0000000008000f24                USART1_IRQHandler
                0x0000000008000f24                I2C1_ER_IRQHandler
                0x0000000008000f24                USBWakeUp_IRQHandler
 *fill*         0x0000000008000f26        0x2 
 .text.HAL_Init
                0x0000000008000f28       0x2c Drivers/STM32F1xx_HAL_Driver/Src/stm32f1xx_hal.o
                0x0000000008000f28                HAL_Init
 .text.HAL_IncTick
                0x0000000008000f54       0x24 Drivers/STM32F1xx_HAL_Driver/Src/stm32f1xx_hal.o
                0x0000000008000f54                HAL_IncTick
 .text.HAL_GetTick
                0x0000000008000f78       0x14 Drivers/STM32F1xx_HAL_Driver/Src/stm32f1xx_hal.o
                0x0000000008000f78                HAL_GetTick
 .text.__NVIC_SetPriorityGrouping
                0x0000000008000f8c       0x48 Drivers/STM32F1xx_HAL_Driver/Src/stm32f1xx_hal_cortex.o
 .text.__NVIC_GetPriorityGrouping
                0x0000000008000fd4       0x1c Drivers/STM32F1xx_HAL_Driver/Src/stm32f1xx_hal_cortex.o
 .text.__NVIC_EnableIRQ
                0x0000000008000ff0       0x38 Drivers/STM32F1xx_HAL_Driver/Src/stm32f1xx_hal_cortex.o
 .text.__NVIC_SetPriority
                0x0000000008001028       0x54 Drivers/STM32F1xx_HAL_Driver/Src/stm32f1xx_hal_cortex.o
 .text.NVIC_EncodePriority
                0x000000000800107c       0x64 Drivers/STM32F1xx_HAL_Driver/Src/stm32f1xx_hal_cortex.o
 .text.HAL_NVIC_SetPriorityGrouping
                0x00000000080010e0       0x16 Drivers/STM32F1xx_HAL_Driver/Src/stm32f1xx_hal_cortex.o
                0x00000000080010e0                HAL_NVIC_SetPriorityGrouping
 .text.HAL_NVIC_SetPriority
                0x00000000080010f6       0x38 Drivers/STM32F1xx_HAL_Driver/Src/stm32f1xx_hal_cortex.o
                0x00000000080010f6                HAL_NVIC_SetPriority
 .text.HAL_NVIC_EnableIRQ
                0x000000000800112e       0x1c Drivers/STM32F1xx_HAL_Driver/Src/stm32f1xx_hal_cortex.o
                0x000000000800112e                HAL_NVIC_EnableIRQ
 *fill*         0x000000000800114a        0x2 
 .text.HAL_GPIO_Init
                0x000000000800114c      0x308 Drivers/STM32F1xx_HAL_Driver/Src/stm32f1xx_hal_gpio.o
                0x000000000800114c                HAL_GPIO_Init
 .text.HAL_GPIO_WritePin
                0x0000000008001454       0x30 Drivers/STM32F1xx_HAL_Driver/Src/stm32f1xx_hal_gpio.o
                0x0000000008001454                HAL_GPIO_WritePin
 .text.HAL_GPIO_TogglePin
                0x0000000008001484       0x32 Drivers/STM32F1xx_HAL_Driver/Src/stm32f1xx_hal_gpio.o
                0x0000000008001484                HAL_GPIO_TogglePin
 .text.HAL_PCD_Init
                0x00000000080014b6      0x216 Drivers/STM32F1xx_HAL_Driver/Src/stm32f1xx_hal_pcd.o
                0x00000000080014b6                HAL_PCD_Init
 .text.HAL_PCD_Start
                0x00000000080016cc       0x4c Drivers/STM32F1xx_HAL_Driver/Src/stm32f1xx_hal_pcd.o
                0x00000000080016cc                HAL_PCD_Start
 .text.HAL_PCD_IRQHandler
                0x0000000008001718      0x2aa Drivers/STM32F1xx_HAL_Driver/Src/stm32f1xx_hal_pcd.o
                0x0000000008001718                HAL_PCD_IRQHandler
 .text.HAL_PCD_SetAddress
                0x00000000080019c2       0x4a Drivers/STM32F1xx_HAL_Driver/Src/stm32f1xx_hal_pcd.o
                0x00000000080019c2                HAL_PCD_SetAddress
 .text.HAL_PCD_EP_Open
                0x0000000008001a0c       0xcc Drivers/STM32F1xx_HAL_Driver/Src/stm32f1xx_hal_pcd.o
                0x0000000008001a0c                HAL_PCD_EP_Open
 .text.HAL_PCD_EP_Close
                0x0000000008001ad8       0x90 Drivers/STM32F1xx_HAL_Driver/Src/stm32f1xx_hal_pcd.o
                0x0000000008001ad8                HAL_PCD_EP_Close
 .text.HAL_PCD_EP_Receive
                0x0000000008001b68       0x7a Drivers/STM32F1xx_HAL_Driver/Src/stm32f1xx_hal_pcd.o
                0x0000000008001b68                HAL_PCD_EP_Receive
 .text.HAL_PCD_EP_GetRxCount
                0x0000000008001be2       0x2e Drivers/STM32F1xx_HAL_Driver/Src/stm32f1xx_hal_pcd.o
                0x0000000008001be2                HAL_PCD_EP_GetRxCount
 .text.HAL_PCD_EP_Transmit
                0x0000000008001c10       0x86 Drivers/STM32F1xx_HAL_Driver/Src/stm32f1xx_hal_pcd.o
                0x0000000008001c10                HAL_PCD_EP_Transmit
 .text.HAL_PCD_EP_SetStall
                0x0000000008001c96       0xc0 Drivers/STM32F1xx_HAL_Driver/Src/stm32f1xx_hal_pcd.o
                0x0000000008001c96                HAL_PCD_EP_SetStall
 .text.HAL_PCD_EP_ClrStall
                0x0000000008001d56       0xa8 Drivers/STM32F1xx_HAL_Driver/Src/stm32f1xx_hal_pcd.o
                0x0000000008001d56                HAL_PCD_EP_ClrStall
 .text.PCD_EP_ISR_Handler
                0x0000000008001dfe      0x5e6 Drivers/STM32F1xx_HAL_Driver/Src/stm32f1xx_hal_pcd.o
 .text.HAL_PCD_EP_DB_Receive
                0x00000000080023e4      0x21a Drivers/STM32F1xx_HAL_Driver/Src/stm32f1xx_hal_pcd.o
 .text.HAL_PCD_EP_DB_Transmit
                0x00000000080025fe      0x556 Drivers/STM32F1xx_HAL_Driver/Src/stm32f1xx_hal_pcd.o
 .text.HAL_PCDEx_PMAConfig
                0x0000000008002b54       0x84 Drivers/STM32F1xx_HAL_Driver/Src/stm32f1xx_hal_pcd_ex.o
                0x0000000008002b54                HAL_PCDEx_PMAConfig
 .text.HAL_RCC_OscConfig
                0x0000000008002bd8      0x500 Drivers/STM32F1xx_HAL_Driver/Src/stm32f1xx_hal_rcc.o
                0x0000000008002bd8                HAL_RCC_OscConfig
 .text.HAL_RCC_ClockConfig
                0x00000000080030d8      0x1d4 Drivers/STM32F1xx_HAL_Driver/Src/stm32f1xx_hal_rcc.o
                0x00000000080030d8                HAL_RCC_ClockConfig
 .text.HAL_RCC_EnableCSS
                0x00000000080032ac       0x18 Drivers/STM32F1xx_HAL_Driver/Src/stm32f1xx_hal_rcc.o
                0x00000000080032ac                HAL_RCC_EnableCSS
 .text.HAL_RCC_GetSysClockFreq
                0x00000000080032c4       0xc0 Drivers/STM32F1xx_HAL_Driver/Src/stm32f1xx_hal_rcc.o
                0x00000000080032c4                HAL_RCC_GetSysClockFreq
 .text.HAL_RCC_GetHCLKFreq
                0x0000000008003384       0x14 Drivers/STM32F1xx_HAL_Driver/Src/stm32f1xx_hal_rcc.o
                0x0000000008003384                HAL_RCC_GetHCLKFreq
 .text.HAL_RCC_GetPCLK1Freq
                0x0000000008003398       0x28 Drivers/STM32F1xx_HAL_Driver/Src/stm32f1xx_hal_rcc.o
                0x0000000008003398                HAL_RCC_GetPCLK1Freq
 .text.HAL_RCC_GetPCLK2Freq
                0x00000000080033c0       0x28 Drivers/STM32F1xx_HAL_Driver/Src/stm32f1xx_hal_rcc.o
                0x00000000080033c0                HAL_RCC_GetPCLK2Freq
 .text.HAL_RCC_GetClockConfig
                0x00000000080033e8       0x60 Drivers/STM32F1xx_HAL_Driver/Src/stm32f1xx_hal_rcc.o
                0x00000000080033e8                HAL_RCC_GetClockConfig
 .text.HAL_RCC_NMI_IRQHandler
                0x0000000008003448       0x28 Drivers/STM32F1xx_HAL_Driver/Src/stm32f1xx_hal_rcc.o
                0x0000000008003448                HAL_RCC_NMI_IRQHandler
 .text.RCC_Delay
                0x0000000008003470       0x3c Drivers/STM32F1xx_HAL_Driver/Src/stm32f1xx_hal_rcc.o
 .text.HAL_RCC_CSSCallback
                0x00000000080034ac        0xc Drivers/STM32F1xx_HAL_Driver/Src/stm32f1xx_hal_rcc.o
                0x00000000080034ac                HAL_RCC_CSSCallback
 .text.HAL_RCCEx_PeriphCLKConfig
                0x00000000080034b8      0x16c Drivers/STM32F1xx_HAL_Driver/Src/stm32f1xx_hal_rcc_ex.o
                0x00000000080034b8                HAL_RCCEx_PeriphCLKConfig
 .text.HAL_TIM_Base_Init
                0x0000000008003624       0x9e Drivers/STM32F1xx_HAL_Driver/Src/stm32f1xx_hal_tim.o
                0x0000000008003624                HAL_TIM_Base_Init
 .text.HAL_TIM_Base_MspInit
                0x00000000080036c2       0x12 Drivers/STM32F1xx_HAL_Driver/Src/stm32f1xx_hal_tim.o
                0x00000000080036c2                HAL_TIM_Base_MspInit
 .text.HAL_TIM_Base_Start_IT
                0x00000000080036d4       0xa4 Drivers/STM32F1xx_HAL_Driver/Src/stm32f1xx_hal_tim.o
                0x00000000080036d4                HAL_TIM_Base_Start_IT
 .text.HAL_TIM_IRQHandler
                0x0000000008003778      0x210 Drivers/STM32F1xx_HAL_Driver/Src/stm32f1xx_hal_tim.o
                0x0000000008003778                HAL_TIM_IRQHandler
 .text.HAL_TIM_OC_DelayElapsedCallback
                0x0000000008003988       0x12 Drivers/STM32F1xx_HAL_Driver/Src/stm32f1xx_hal_tim.o
                0x0000000008003988                HAL_TIM_OC_DelayElapsedCallback
 .text.HAL_TIM_IC_CaptureCallback
                0x000000000800399a       0x12 Drivers/STM32F1xx_HAL_Driver/Src/stm32f1xx_hal_tim.o
                0x000000000800399a                HAL_TIM_IC_CaptureCallback
 .text.HAL_TIM_PWM_PulseFinishedCallback
                0x00000000080039ac       0x12 Drivers/STM32F1xx_HAL_Driver/Src/stm32f1xx_hal_tim.o
                0x00000000080039ac                HAL_TIM_PWM_PulseFinishedCallback
 .text.HAL_TIM_TriggerCallback
                0x00000000080039be       0x12 Drivers/STM32F1xx_HAL_Driver/Src/stm32f1xx_hal_tim.o
                0x00000000080039be                HAL_TIM_TriggerCallback
 .text.TIM_Base_SetConfig
                0x00000000080039d0       0xc4 Drivers/STM32F1xx_HAL_Driver/Src/stm32f1xx_hal_tim.o
                0x00000000080039d0                TIM_Base_SetConfig
 .text.HAL_TIMEx_CommutCallback
                0x0000000008003a94       0x12 Drivers/STM32F1xx_HAL_Driver/Src/stm32f1xx_hal_tim_ex.o
                0x0000000008003a94                HAL_TIMEx_CommutCallback
 .text.HAL_TIMEx_BreakCallback
                0x0000000008003aa6       0x12 Drivers/STM32F1xx_HAL_Driver/Src/stm32f1xx_hal_tim_ex.o
                0x0000000008003aa6                HAL_TIMEx_BreakCallback
 .text.HAL_UART_Init
                0x0000000008003ab8       0x9a Drivers/STM32F1xx_HAL_Driver/Src/stm32f1xx_hal_uart.o
                0x0000000008003ab8                HAL_UART_Init
 *fill*         0x0000000008003b52        0x2 
 .text.UART_SetConfig
                0x0000000008003b54      0x11c Drivers/STM32F1xx_HAL_Driver/Src/stm32f1xx_hal_uart.o
 .text.USB_CoreInit
                0x0000000008003c70       0x20 Drivers/STM32F1xx_HAL_Driver/Src/stm32f1xx_ll_usb.o
                0x0000000008003c70                USB_CoreInit
 .text.USB_EnableGlobalInt
                0x0000000008003c90       0x2c Drivers/STM32F1xx_HAL_Driver/Src/stm32f1xx_ll_usb.o
                0x0000000008003c90                USB_EnableGlobalInt
 .text.USB_DisableGlobalInt
                0x0000000008003cbc       0x34 Drivers/STM32F1xx_HAL_Driver/Src/stm32f1xx_ll_usb.o
                0x0000000008003cbc                USB_DisableGlobalInt
 .text.USB_SetCurrentMode
                0x0000000008003cf0       0x18 Drivers/STM32F1xx_HAL_Driver/Src/stm32f1xx_ll_usb.o
                0x0000000008003cf0                USB_SetCurrentMode
 .text.USB_DevInit
                0x0000000008003d08       0x40 Drivers/STM32F1xx_HAL_Driver/Src/stm32f1xx_ll_usb.o
                0x0000000008003d08                USB_DevInit
 .text.USB_ActivateEndpoint
                0x0000000008003d48      0x6d4 Drivers/STM32F1xx_HAL_Driver/Src/stm32f1xx_ll_usb.o
                0x0000000008003d48                USB_ActivateEndpoint
 .text.USB_DeactivateEndpoint
                0x000000000800441c      0x3d8 Drivers/STM32F1xx_HAL_Driver/Src/stm32f1xx_ll_usb.o
                0x000000000800441c                USB_DeactivateEndpoint
 .text.USB_EPStartXfer
                0x00000000080047f4     0x1240 Drivers/STM32F1xx_HAL_Driver/Src/stm32f1xx_ll_usb.o
                0x00000000080047f4                USB_EPStartXfer
 .text.USB_EPSetStall
                0x0000000008005a34       0xa0 Drivers/STM32F1xx_HAL_Driver/Src/stm32f1xx_ll_usb.o
                0x0000000008005a34                USB_EPSetStall
 .text.USB_EPClearStall
                0x0000000008005ad4      0x15a Drivers/STM32F1xx_HAL_Driver/Src/stm32f1xx_ll_usb.o
                0x0000000008005ad4                USB_EPClearStall
 .text.USB_SetDevAddress
                0x0000000008005c2e       0x26 Drivers/STM32F1xx_HAL_Driver/Src/stm32f1xx_ll_usb.o
                0x0000000008005c2e                USB_SetDevAddress
 .text.USB_DevConnect
                0x0000000008005c54       0x14 Drivers/STM32F1xx_HAL_Driver/Src/stm32f1xx_ll_usb.o
                0x0000000008005c54                USB_DevConnect
 .text.USB_DevDisconnect
                0x0000000008005c68       0x14 Drivers/STM32F1xx_HAL_Driver/Src/stm32f1xx_ll_usb.o
                0x0000000008005c68                USB_DevDisconnect
 .text.USB_ReadInterrupts
                0x0000000008005c7c       0x1e Drivers/STM32F1xx_HAL_Driver/Src/stm32f1xx_ll_usb.o
                0x0000000008005c7c                USB_ReadInterrupts
 .text.USB_EP0_OutStart
                0x0000000008005c9a       0x16 Drivers/STM32F1xx_HAL_Driver/Src/stm32f1xx_ll_usb.o
                0x0000000008005c9a                USB_EP0_OutStart
 .text.USB_WritePMA
                0x0000000008005cb0       0x8a Drivers/STM32F1xx_HAL_Driver/Src/stm32f1xx_ll_usb.o
                0x0000000008005cb0                USB_WritePMA
 .text.USB_ReadPMA
                0x0000000008005d3a       0x9e Drivers/STM32F1xx_HAL_Driver/Src/stm32f1xx_ll_usb.o
                0x0000000008005d3a                USB_ReadPMA
 .text.USBD_CDC_Init
                0x0000000008005dd8       0xf4 Middlewares/ST/STM32_USB_Device_Library/Class/CDC/Src/usbd_cdc.o
 .text.USBD_CDC_DeInit
                0x0000000008005ecc       0x6e Middlewares/ST/STM32_USB_Device_Library/Class/CDC/Src/usbd_cdc.o
 .text.USBD_CDC_Setup
                0x0000000008005f3a      0x146 Middlewares/ST/STM32_USB_Device_Library/Class/CDC/Src/usbd_cdc.o
 .text.USBD_CDC_DataIn
                0x0000000008006080       0xa6 Middlewares/ST/STM32_USB_Device_Library/Class/CDC/Src/usbd_cdc.o
 .text.USBD_CDC_DataOut
                0x0000000008006126       0x56 Middlewares/ST/STM32_USB_Device_Library/Class/CDC/Src/usbd_cdc.o
 .text.USBD_CDC_EP0_RxReady
                0x000000000800617c       0x50 Middlewares/ST/STM32_USB_Device_Library/Class/CDC/Src/usbd_cdc.o
 .text.USBD_CDC_GetFSCfgDesc
                0x00000000080061cc       0x20 Middlewares/ST/STM32_USB_Device_Library/Class/CDC/Src/usbd_cdc.o
 .text.USBD_CDC_GetHSCfgDesc
                0x00000000080061ec       0x20 Middlewares/ST/STM32_USB_Device_Library/Class/CDC/Src/usbd_cdc.o
 .text.USBD_CDC_GetOtherSpeedCfgDesc
                0x000000000800620c       0x20 Middlewares/ST/STM32_USB_Device_Library/Class/CDC/Src/usbd_cdc.o
 .text.USBD_CDC_GetDeviceQualifierDescriptor
                0x000000000800622c       0x20 Middlewares/ST/STM32_USB_Device_Library/Class/CDC/Src/usbd_cdc.o
                0x000000000800622c                USBD_CDC_GetDeviceQualifierDescriptor
 .text.USBD_CDC_RegisterInterface
                0x000000000800624c       0x2c Middlewares/ST/STM32_USB_Device_Library/Class/CDC/Src/usbd_cdc.o
                0x000000000800624c                USBD_CDC_RegisterInterface
 .text.USBD_CDC_SetTxBuffer
                0x0000000008006278       0x32 Middlewares/ST/STM32_USB_Device_Library/Class/CDC/Src/usbd_cdc.o
                0x0000000008006278                USBD_CDC_SetTxBuffer
 .text.USBD_CDC_SetRxBuffer
                0x00000000080062aa       0x26 Middlewares/ST/STM32_USB_Device_Library/Class/CDC/Src/usbd_cdc.o
                0x00000000080062aa                USBD_CDC_SetRxBuffer
 .text.USBD_CDC_TransmitPacket
                0x00000000080062d0       0x5e Middlewares/ST/STM32_USB_Device_Library/Class/CDC/Src/usbd_cdc.o
                0x00000000080062d0                USBD_CDC_TransmitPacket
 .text.USBD_CDC_ReceivePacket
                0x000000000800632e       0x54 Middlewares/ST/STM32_USB_Device_Library/Class/CDC/Src/usbd_cdc.o
                0x000000000800632e                USBD_CDC_ReceivePacket
 .text.USBD_Init
                0x0000000008006382       0x56 Middlewares/ST/STM32_USB_Device_Library/Core/Src/usbd_core.o
                0x0000000008006382                USBD_Init
 .text.USBD_RegisterClass
                0x00000000080063d8       0x32 Middlewares/ST/STM32_USB_Device_Library/Core/Src/usbd_core.o
                0x00000000080063d8                USBD_RegisterClass
 .text.USBD_Start
                0x000000000800640a       0x18 Middlewares/ST/STM32_USB_Device_Library/Core/Src/usbd_core.o
                0x000000000800640a                USBD_Start
 .text.USBD_RunTestMode
                0x0000000008006422       0x14 Middlewares/ST/STM32_USB_Device_Library/Core/Src/usbd_core.o
                0x0000000008006422                USBD_RunTestMode
 .text.USBD_SetClassConfig
                0x0000000008006436       0x3e Middlewares/ST/STM32_USB_Device_Library/Core/Src/usbd_core.o
                0x0000000008006436                USBD_SetClassConfig
 .text.USBD_ClrClassConfig
                0x0000000008006474       0x26 Middlewares/ST/STM32_USB_Device_Library/Core/Src/usbd_core.o
                0x0000000008006474                USBD_ClrClassConfig
 .text.USBD_LL_SetupStage
                0x000000000800649a       0x9a Middlewares/ST/STM32_USB_Device_Library/Core/Src/usbd_core.o
                0x000000000800649a                USBD_LL_SetupStage
 .text.USBD_LL_DataOutStage
                0x0000000008006534       0xe2 Middlewares/ST/STM32_USB_Device_Library/Core/Src/usbd_core.o
                0x0000000008006534                USBD_LL_DataOutStage
 .text.USBD_LL_DataInStage
                0x0000000008006616      0x14a Middlewares/ST/STM32_USB_Device_Library/Core/Src/usbd_core.o
                0x0000000008006616                USBD_LL_DataInStage
 .text.USBD_LL_Reset
                0x0000000008006760       0x82 Middlewares/ST/STM32_USB_Device_Library/Core/Src/usbd_core.o
                0x0000000008006760                USBD_LL_Reset
 .text.USBD_LL_SetSpeed
                0x00000000080067e2       0x1e Middlewares/ST/STM32_USB_Device_Library/Core/Src/usbd_core.o
                0x00000000080067e2                USBD_LL_SetSpeed
 .text.USBD_LL_Suspend
                0x0000000008006800       0x28 Middlewares/ST/STM32_USB_Device_Library/Core/Src/usbd_core.o
                0x0000000008006800                USBD_LL_Suspend
 .text.USBD_LL_Resume
                0x0000000008006828       0x2a Middlewares/ST/STM32_USB_Device_Library/Core/Src/usbd_core.o
                0x0000000008006828                USBD_LL_Resume
 .text.USBD_LL_SOF
                0x0000000008006852       0x34 Middlewares/ST/STM32_USB_Device_Library/Core/Src/usbd_core.o
                0x0000000008006852                USBD_LL_SOF
 *fill*         0x0000000008006886        0x2 
 .text.USBD_StdDevReq
                0x0000000008006888       0xd4 Middlewares/ST/STM32_USB_Device_Library/Core/Src/usbd_ctlreq.o
                0x0000000008006888                USBD_StdDevReq
 .text.USBD_StdItfReq
                0x000000000800695c       0x90 Middlewares/ST/STM32_USB_Device_Library/Core/Src/usbd_ctlreq.o
                0x000000000800695c                USBD_StdItfReq
 .text.USBD_StdEPReq
                0x00000000080069ec      0x2c6 Middlewares/ST/STM32_USB_Device_Library/Core/Src/usbd_ctlreq.o
                0x00000000080069ec                USBD_StdEPReq
 *fill*         0x0000000008006cb2        0x2 
 .text.USBD_GetDescriptor
                0x0000000008006cb4      0x2d0 Middlewares/ST/STM32_USB_Device_Library/Core/Src/usbd_ctlreq.o
 .text.USBD_SetAddress
                0x0000000008006f84       0x86 Middlewares/ST/STM32_USB_Device_Library/Core/Src/usbd_ctlreq.o
 *fill*         0x000000000800700a        0x2 
 .text.USBD_SetConfig
                0x000000000800700c      0x11c Middlewares/ST/STM32_USB_Device_Library/Core/Src/usbd_ctlreq.o
 .text.USBD_GetConfig
                0x0000000008007128       0x6a Middlewares/ST/STM32_USB_Device_Library/Core/Src/usbd_ctlreq.o
 .text.USBD_GetStatus
                0x0000000008007192       0x66 Middlewares/ST/STM32_USB_Device_Library/Core/Src/usbd_ctlreq.o
 .text.USBD_SetFeature
                0x00000000080071f8       0x28 Middlewares/ST/STM32_USB_Device_Library/Core/Src/usbd_ctlreq.o
 .text.USBD_ClrFeature
                0x0000000008007220       0x42 Middlewares/ST/STM32_USB_Device_Library/Core/Src/usbd_ctlreq.o
 .text.USBD_ParseSetupRequest
                0x0000000008007262       0x78 Middlewares/ST/STM32_USB_Device_Library/Core/Src/usbd_ctlreq.o
                0x0000000008007262                USBD_ParseSetupRequest
 .text.USBD_CtlError
                0x00000000080072da       0x22 Middlewares/ST/STM32_USB_Device_Library/Core/Src/usbd_ctlreq.o
                0x00000000080072da                USBD_CtlError
 .text.USBD_GetString
                0x00000000080072fc       0x84 Middlewares/ST/STM32_USB_Device_Library/Core/Src/usbd_ctlreq.o
                0x00000000080072fc                USBD_GetString
 .text.USBD_GetLen
                0x0000000008007380       0x2e Middlewares/ST/STM32_USB_Device_Library/Core/Src/usbd_ctlreq.o
 .text.USBD_CtlSendData
                0x00000000080073ae       0x38 Middlewares/ST/STM32_USB_Device_Library/Core/Src/usbd_ioreq.o
                0x00000000080073ae                USBD_CtlSendData
 .text.USBD_CtlContinueSendData
                0x00000000080073e6       0x24 Middlewares/ST/STM32_USB_Device_Library/Core/Src/usbd_ioreq.o
                0x00000000080073e6                USBD_CtlContinueSendData
 .text.USBD_CtlPrepareRx
                0x000000000800740a       0x3c Middlewares/ST/STM32_USB_Device_Library/Core/Src/usbd_ioreq.o
                0x000000000800740a                USBD_CtlPrepareRx
 .text.USBD_CtlContinueRx
                0x0000000008007446       0x24 Middlewares/ST/STM32_USB_Device_Library/Core/Src/usbd_ioreq.o
                0x0000000008007446                USBD_CtlContinueRx
 .text.USBD_CtlSendStatus
                0x000000000800746a       0x26 Middlewares/ST/STM32_USB_Device_Library/Core/Src/usbd_ioreq.o
                0x000000000800746a                USBD_CtlSendStatus
 .text.USBD_CtlReceiveStatus
                0x0000000008007490       0x26 Middlewares/ST/STM32_USB_Device_Library/Core/Src/usbd_ioreq.o
                0x0000000008007490                USBD_CtlReceiveStatus
 .text.makeFreeRtosPriority
                0x00000000080074b6       0x2e Middlewares/Third_Party/FreeRTOS/Source/CMSIS_RTOS/cmsis_os.o
 .text.osKernelStart
                0x00000000080074e4        0xe Middlewares/Third_Party/FreeRTOS/Source/CMSIS_RTOS/cmsis_os.o
                0x00000000080074e4                osKernelStart
 .text.osThreadCreate
                0x00000000080074f2       0x98 Middlewares/Third_Party/FreeRTOS/Source/CMSIS_RTOS/cmsis_os.o
                0x00000000080074f2                osThreadCreate
 .text.osDelay  0x000000000800758a       0x28 Middlewares/Third_Party/FreeRTOS/Source/CMSIS_RTOS/cmsis_os.o
                0x000000000800758a                osDelay
 .text.vListInitialise
                0x00000000080075b2       0x3e Middlewares/Third_Party/FreeRTOS/Source/list.o
                0x00000000080075b2                vListInitialise
 .text.vListInitialiseItem
                0x00000000080075f0       0x18 Middlewares/Third_Party/FreeRTOS/Source/list.o
                0x00000000080075f0                vListInitialiseItem
 .text.vListInsertEnd
                0x0000000008007608       0x46 Middlewares/Third_Party/FreeRTOS/Source/list.o
                0x0000000008007608                vListInsertEnd
 .text.vListInsert
                0x000000000800764e       0x70 Middlewares/Third_Party/FreeRTOS/Source/list.o
                0x000000000800764e                vListInsert
 .text.uxListRemove
                0x00000000080076be       0x52 Middlewares/Third_Party/FreeRTOS/Source/list.o
                0x00000000080076be                uxListRemove
 .text.xTaskCreateStatic
                0x0000000008007710       0xb8 Middlewares/Third_Party/FreeRTOS/Source/tasks.o
                0x0000000008007710                xTaskCreateStatic
 .text.xTaskCreate
                0x00000000080077c8       0x8a Middlewares/Third_Party/FreeRTOS/Source/tasks.o
                0x00000000080077c8                xTaskCreate
 .text.prvInitialiseNewTask
                0x0000000008007852       0xfe Middlewares/Third_Party/FreeRTOS/Source/tasks.o
 .text.prvAddNewTaskToReadyList
                0x0000000008007950       0xd4 Middlewares/Third_Party/FreeRTOS/Source/tasks.o
 .text.vTaskDelay
                0x0000000008007a24       0x68 Middlewares/Third_Party/FreeRTOS/Source/tasks.o
                0x0000000008007a24                vTaskDelay
 .text.vTaskStartScheduler
                0x0000000008007a8c       0xc0 Middlewares/Third_Party/FreeRTOS/Source/tasks.o
                0x0000000008007a8c                vTaskStartScheduler
 .text.vTaskSuspendAll
                0x0000000008007b4c       0x1c Middlewares/Third_Party/FreeRTOS/Source/tasks.o
                0x0000000008007b4c                vTaskSuspendAll
 .text.xTaskResumeAll
                0x0000000008007b68      0x138 Middlewares/Third_Party/FreeRTOS/Source/tasks.o
                0x0000000008007b68                xTaskResumeAll
 .text.xTaskIncrementTick
                0x0000000008007ca0      0x17c Middlewares/Third_Party/FreeRTOS/Source/tasks.o
                0x0000000008007ca0                xTaskIncrementTick
 .text.vTaskSwitchContext
                0x0000000008007e1c       0xb4 Middlewares/Third_Party/FreeRTOS/Source/tasks.o
                0x0000000008007e1c                vTaskSwitchContext
 .text.prvIdleTask
                0x0000000008007ed0       0x30 Middlewares/Third_Party/FreeRTOS/Source/tasks.o
 .text.prvInitialiseTaskLists
                0x0000000008007f00       0x80 Middlewares/Third_Party/FreeRTOS/Source/tasks.o
 .text.prvCheckTasksWaitingTermination
                0x0000000008007f80       0x5c Middlewares/Third_Party/FreeRTOS/Source/tasks.o
 .text.prvDeleteTCB
                0x0000000008007fdc       0x5e Middlewares/Third_Party/FreeRTOS/Source/tasks.o
 *fill*         0x000000000800803a        0x2 
 .text.prvResetNextTaskUnblockTime
                0x000000000800803c       0x48 Middlewares/Third_Party/FreeRTOS/Source/tasks.o
 .text.prvAddCurrentTaskToDelayedList
                0x0000000008008084       0xcc Middlewares/Third_Party/FreeRTOS/Source/tasks.o
 .text.pxPortInitialiseStack
                0x0000000008008150       0x58 Middlewares/Third_Party/FreeRTOS/Source/portable/GCC/ARM_CM3/port.o
                0x0000000008008150                pxPortInitialiseStack
 .text.prvTaskExitError
                0x00000000080081a8       0x58 Middlewares/Third_Party/FreeRTOS/Source/portable/GCC/ARM_CM3/port.o
 .text.SVC_Handler
                0x0000000008008200       0x28 Middlewares/Third_Party/FreeRTOS/Source/portable/GCC/ARM_CM3/port.o
                0x0000000008008200                SVC_Handler
 .text.prvPortStartFirstTask
                0x0000000008008228       0x20 Middlewares/Third_Party/FreeRTOS/Source/portable/GCC/ARM_CM3/port.o
 .text.xPortStartScheduler
                0x0000000008008248       0xe4 Middlewares/Third_Party/FreeRTOS/Source/portable/GCC/ARM_CM3/port.o
                0x0000000008008248                xPortStartScheduler
 .text.vPortEnterCritical
                0x000000000800832c       0x60 Middlewares/Third_Party/FreeRTOS/Source/portable/GCC/ARM_CM3/port.o
                0x000000000800832c                vPortEnterCritical
 .text.vPortExitCritical
                0x000000000800838c       0x50 Middlewares/Third_Party/FreeRTOS/Source/portable/GCC/ARM_CM3/port.o
                0x000000000800838c                vPortExitCritical
 *fill*         0x00000000080083dc        0x4 
 .text.PendSV_Handler
                0x00000000080083e0       0x48 Middlewares/Third_Party/FreeRTOS/Source/portable/GCC/ARM_CM3/port.o
                0x00000000080083e0                PendSV_Handler
 .text.SysTick_Handler
                0x0000000008008428       0x44 Middlewares/Third_Party/FreeRTOS/Source/portable/GCC/ARM_CM3/port.o
                0x0000000008008428                SysTick_Handler
 .text.vPortSetupTimerInterrupt
                0x000000000800846c       0x44 Middlewares/Third_Party/FreeRTOS/Source/portable/GCC/ARM_CM3/port.o
                0x000000000800846c                vPortSetupTimerInterrupt
 .text.pvPortMalloc
                0x00000000080084b0      0x188 Middlewares/Third_Party/FreeRTOS/Source/portable/MemMang/heap_4.o
                0x00000000080084b0                pvPortMalloc
 .text.vPortFree
                0x0000000008008638       0xb4 Middlewares/Third_Party/FreeRTOS/Source/portable/MemMang/heap_4.o
                0x0000000008008638                vPortFree
 .text.prvHeapInit
                0x00000000080086ec       0xc4 Middlewares/Third_Party/FreeRTOS/Source/portable/MemMang/heap_4.o
 .text.prvInsertBlockIntoFreeList
                0x00000000080087b0       0xb0 Middlewares/Third_Party/FreeRTOS/Source/portable/MemMang/heap_4.o
 .text.printf_custom
                0x0000000008008860      0x728 Printf_Custom/printf_custom.o
                0x0000000008008860                printf_custom
 .text.convert  0x0000000008008f88       0x98 Printf_Custom/printf_custom.o
 .text.MX_USB_DEVICE_Init
                0x0000000008009020       0x60 USB_DEVICE/App/usb_device.o
                0x0000000008009020                MX_USB_DEVICE_Init
 .text.CDC_Init_FS
                0x0000000008009080       0x28 USB_DEVICE/App/usbd_cdc_if.o
 .text.CDC_DeInit_FS
                0x00000000080090a8        0xe USB_DEVICE/App/usbd_cdc_if.o
 *fill*         0x00000000080090b6        0x2 
 .text.CDC_Control_FS
                0x00000000080090b8       0xbc USB_DEVICE/App/usbd_cdc_if.o
 .text.CDC_Receive_FS
                0x0000000008009174       0x28 USB_DEVICE/App/usbd_cdc_if.o
 .text.CDC_Transmit_FS
                0x000000000800919c       0x4c USB_DEVICE/App/usbd_cdc_if.o
                0x000000000800919c                CDC_Transmit_FS
 .text.USBD_FS_DeviceDescriptor
                0x00000000080091e8       0x24 USB_DEVICE/App/usbd_desc.o
                0x00000000080091e8                USBD_FS_DeviceDescriptor
 .text.USBD_FS_LangIDStrDescriptor
                0x000000000800920c       0x24 USB_DEVICE/App/usbd_desc.o
                0x000000000800920c                USBD_FS_LangIDStrDescriptor
 .text.USBD_FS_ProductStrDescriptor
                0x0000000008009230       0x3c USB_DEVICE/App/usbd_desc.o
                0x0000000008009230                USBD_FS_ProductStrDescriptor
 .text.USBD_FS_ManufacturerStrDescriptor
                0x000000000800926c       0x28 USB_DEVICE/App/usbd_desc.o
                0x000000000800926c                USBD_FS_ManufacturerStrDescriptor
 .text.USBD_FS_SerialStrDescriptor
                0x0000000008009294       0x24 USB_DEVICE/App/usbd_desc.o
                0x0000000008009294                USBD_FS_SerialStrDescriptor
 .text.USBD_FS_ConfigStrDescriptor
                0x00000000080092b8       0x3c USB_DEVICE/App/usbd_desc.o
                0x00000000080092b8                USBD_FS_ConfigStrDescriptor
 .text.USBD_FS_InterfaceStrDescriptor
                0x00000000080092f4       0x3c USB_DEVICE/App/usbd_desc.o
                0x00000000080092f4                USBD_FS_InterfaceStrDescriptor
 .text.Get_SerialNum
                0x0000000008009330       0x58 USB_DEVICE/App/usbd_desc.o
 .text.IntToUnicode
                0x0000000008009388       0x7c USB_DEVICE/App/usbd_desc.o
 .text.HAL_PCD_MspInit
                0x0000000008009404       0x4c USB_DEVICE/Target/usbd_conf.o
                0x0000000008009404                HAL_PCD_MspInit
 .text.HAL_PCD_SetupStageCallback
                0x0000000008009450       0x24 USB_DEVICE/Target/usbd_conf.o
                0x0000000008009450                HAL_PCD_SetupStageCallback
 .text.HAL_PCD_DataOutStageCallback
                0x0000000008009474       0x36 USB_DEVICE/Target/usbd_conf.o
                0x0000000008009474                HAL_PCD_DataOutStageCallback
 .text.HAL_PCD_DataInStageCallback
                0x00000000080094aa       0x34 USB_DEVICE/Target/usbd_conf.o
                0x00000000080094aa                HAL_PCD_DataInStageCallback
 .text.HAL_PCD_SOFCallback
                0x00000000080094de       0x1c USB_DEVICE/Target/usbd_conf.o
                0x00000000080094de                HAL_PCD_SOFCallback
 .text.HAL_PCD_ResetCallback
                0x00000000080094fa       0x3c USB_DEVICE/Target/usbd_conf.o
                0x00000000080094fa                HAL_PCD_ResetCallback
 *fill*         0x0000000008009536        0x2 
 .text.HAL_PCD_SuspendCallback
                0x0000000008009538       0x34 USB_DEVICE/Target/usbd_conf.o
                0x0000000008009538                HAL_PCD_SuspendCallback
 .text.HAL_PCD_ResumeCallback
                0x000000000800956c       0x1c USB_DEVICE/Target/usbd_conf.o
                0x000000000800956c                HAL_PCD_ResumeCallback
 .text.USBD_LL_Init
                0x0000000008009588       0xb4 USB_DEVICE/Target/usbd_conf.o
                0x0000000008009588                USBD_LL_Init
 .text.USBD_LL_Start
                0x000000000800963c       0x36 USB_DEVICE/Target/usbd_conf.o
                0x000000000800963c                USBD_LL_Start
 .text.USBD_LL_OpenEP
                0x0000000008009672       0x4c USB_DEVICE/Target/usbd_conf.o
                0x0000000008009672                USBD_LL_OpenEP
 .text.USBD_LL_CloseEP
                0x00000000080096be       0x3e USB_DEVICE/Target/usbd_conf.o
                0x00000000080096be                USBD_LL_CloseEP
 .text.USBD_LL_StallEP
                0x00000000080096fc       0x3e USB_DEVICE/Target/usbd_conf.o
                0x00000000080096fc                USBD_LL_StallEP
 .text.USBD_LL_ClearStallEP
                0x000000000800973a       0x3e USB_DEVICE/Target/usbd_conf.o
                0x000000000800973a                USBD_LL_ClearStallEP
 .text.USBD_LL_IsStallEP
                0x0000000008009778       0x58 USB_DEVICE/Target/usbd_conf.o
                0x0000000008009778                USBD_LL_IsStallEP
 .text.USBD_LL_SetUSBAddress
                0x00000000080097d0       0x3e USB_DEVICE/Target/usbd_conf.o
                0x00000000080097d0                USBD_LL_SetUSBAddress
 .text.USBD_LL_Transmit
                0x000000000800980e       0x46 USB_DEVICE/Target/usbd_conf.o
                0x000000000800980e                USBD_LL_Transmit
 .text.USBD_LL_PrepareReceive
                0x0000000008009854       0x46 USB_DEVICE/Target/usbd_conf.o
                0x0000000008009854                USBD_LL_PrepareReceive
 .text.USBD_LL_GetRxDataSize
                0x000000000800989a       0x26 USB_DEVICE/Target/usbd_conf.o
                0x000000000800989a                USBD_LL_GetRxDataSize
 .text.USBD_static_malloc
                0x00000000080098c0       0x18 USB_DEVICE/Target/usbd_conf.o
                0x00000000080098c0                USBD_static_malloc
 .text.USBD_static_free
                0x00000000080098d8       0x12 USB_DEVICE/Target/usbd_conf.o
                0x00000000080098d8                USBD_static_free
 .text.HAL_PCDEx_SetConnectionState
                0x00000000080098ea       0x16 USB_DEVICE/Target/usbd_conf.o
                0x00000000080098ea                HAL_PCDEx_SetConnectionState
 .text.USBD_Get_USB_Status
                0x0000000008009900       0x58 USB_DEVICE/Target/usbd_conf.o
 .text.__libc_init_array
                0x0000000008009958       0x48 c:/st/stm32cubeide_1.3.0/stm32cubeide/plugins/com.st.stm32cube.ide.mcu.externaltools.gnu-tools-for-stm32.9-2020-q2-update.win32_1.5.0.202011040924/tools/bin/../lib/gcc/arm-none-eabi/9.3.1/../../../../arm-none-eabi/lib/thumb/v7-m/nofp\libc_nano.a(lib_a-init.o)
                0x0000000008009958                __libc_init_array
 .text.memset   0x00000000080099a0       0x10 c:/st/stm32cubeide_1.3.0/stm32cubeide/plugins/com.st.stm32cube.ide.mcu.externaltools.gnu-tools-for-stm32.9-2020-q2-update.win32_1.5.0.202011040924/tools/bin/../lib/gcc/arm-none-eabi/9.3.1/../../../../arm-none-eabi/lib/thumb/v7-m/nofp\libc_nano.a(lib_a-memset.o)
                0x00000000080099a0                memset
 *(.glue_7)
 .glue_7        0x00000000080099b0        0x0 linker stubs
 *(.glue_7t)
 .glue_7t       0x00000000080099b0        0x0 linker stubs
 *(.eh_frame)
 .eh_frame      0x00000000080099b0        0x0 c:/st/stm32cubeide_1.3.0/stm32cubeide/plugins/com.st.stm32cube.ide.mcu.externaltools.gnu-tools-for-stm32.9-2020-q2-update.win32_1.5.0.202011040924/tools/bin/../lib/gcc/arm-none-eabi/9.3.1/thumb/v7-m/nofp/crtbegin.o
 *(.init)
 .init          0x00000000080099b0        0x4 c:/st/stm32cubeide_1.3.0/stm32cubeide/plugins/com.st.stm32cube.ide.mcu.externaltools.gnu-tools-for-stm32.9-2020-q2-update.win32_1.5.0.202011040924/tools/bin/../lib/gcc/arm-none-eabi/9.3.1/thumb/v7-m/nofp/crti.o
                0x00000000080099b0                _init
 .init          0x00000000080099b4        0x8 c:/st/stm32cubeide_1.3.0/stm32cubeide/plugins/com.st.stm32cube.ide.mcu.externaltools.gnu-tools-for-stm32.9-2020-q2-update.win32_1.5.0.202011040924/tools/bin/../lib/gcc/arm-none-eabi/9.3.1/thumb/v7-m/nofp/crtn.o
 *(.fini)
 .fini          0x00000000080099bc        0x4 c:/st/stm32cubeide_1.3.0/stm32cubeide/plugins/com.st.stm32cube.ide.mcu.externaltools.gnu-tools-for-stm32.9-2020-q2-update.win32_1.5.0.202011040924/tools/bin/../lib/gcc/arm-none-eabi/9.3.1/thumb/v7-m/nofp/crti.o
                0x00000000080099bc                _fini
 .fini          0x00000000080099c0        0x8 c:/st/stm32cubeide_1.3.0/stm32cubeide/plugins/com.st.stm32cube.ide.mcu.externaltools.gnu-tools-for-stm32.9-2020-q2-update.win32_1.5.0.202011040924/tools/bin/../lib/gcc/arm-none-eabi/9.3.1/thumb/v7-m/nofp/crtn.o
                0x00000000080099c8                . = ALIGN (0x4)
                0x00000000080099c8                _etext = .

.vfp11_veneer   0x00000000080099c8        0x0
 .vfp11_veneer  0x00000000080099c8        0x0 linker stubs

.v4_bx          0x00000000080099c8        0x0
 .v4_bx         0x00000000080099c8        0x0 linker stubs

.iplt           0x00000000080099c8        0x0
 .iplt          0x00000000080099c8        0x0 c:/st/stm32cubeide_1.3.0/stm32cubeide/plugins/com.st.stm32cube.ide.mcu.externaltools.gnu-tools-for-stm32.9-2020-q2-update.win32_1.5.0.202011040924/tools/bin/../lib/gcc/arm-none-eabi/9.3.1/thumb/v7-m/nofp/crtbegin.o

.rodata         0x00000000080099c8      0x180
                0x00000000080099c8                . = ALIGN (0x4)
 *(.rodata)
 .rodata        0x00000000080099c8      0x108 Core/Src/freertos.o
 .rodata        0x0000000008009ad0       0x10 Drivers/STM32F1xx_HAL_Driver/Src/stm32f1xx_hal_rcc.o
 .rodata        0x0000000008009ae0        0x5 Middlewares/Third_Party/FreeRTOS/Source/tasks.o
 *fill*         0x0000000008009ae5        0x3 
 .rodata        0x0000000008009ae8       0x46 USB_DEVICE/App/usbd_desc.o
 *(.rodata*)
 *fill*         0x0000000008009b2e        0x2 
 .rodata.AHBPrescTable
                0x0000000008009b30       0x10 Core/Src/system_stm32f1xx.o
                0x0000000008009b30                AHBPrescTable
 .rodata.APBPrescTable
                0x0000000008009b40        0x8 Core/Src/system_stm32f1xx.o
                0x0000000008009b40                APBPrescTable
                0x0000000008009b48                . = ALIGN (0x4)

.rel.dyn        0x0000000008009b48        0x0
 .rel.iplt      0x0000000008009b48        0x0 c:/st/stm32cubeide_1.3.0/stm32cubeide/plugins/com.st.stm32cube.ide.mcu.externaltools.gnu-tools-for-stm32.9-2020-q2-update.win32_1.5.0.202011040924/tools/bin/../lib/gcc/arm-none-eabi/9.3.1/thumb/v7-m/nofp/crtbegin.o

.ARM.extab      0x0000000008009b48        0x0
                0x0000000008009b48                . = ALIGN (0x4)
 *(.ARM.extab* .gnu.linkonce.armextab.*)
                0x0000000008009b48                . = ALIGN (0x4)

.ARM            0x0000000008009b48        0x0
                0x0000000008009b48                . = ALIGN (0x4)
                0x0000000008009b48                __exidx_start = .
 *(.ARM.exidx*)
                0x0000000008009b48                __exidx_end = .
                0x0000000008009b48                . = ALIGN (0x4)

.preinit_array  0x0000000008009b48        0x0
                0x0000000008009b48                . = ALIGN (0x4)
                0x0000000008009b48                PROVIDE (__preinit_array_start = .)
 *(.preinit_array*)
                0x0000000008009b48                PROVIDE (__preinit_array_end = .)
                0x0000000008009b48                . = ALIGN (0x4)

.init_array     0x0000000008009b48        0x4
                0x0000000008009b48                . = ALIGN (0x4)
                0x0000000008009b48                PROVIDE (__init_array_start = .)
 *(SORT_BY_NAME(.init_array.*))
 *(.init_array*)
 .init_array    0x0000000008009b48        0x4 c:/st/stm32cubeide_1.3.0/stm32cubeide/plugins/com.st.stm32cube.ide.mcu.externaltools.gnu-tools-for-stm32.9-2020-q2-update.win32_1.5.0.202011040924/tools/bin/../lib/gcc/arm-none-eabi/9.3.1/thumb/v7-m/nofp/crtbegin.o
                0x0000000008009b4c                PROVIDE (__init_array_end = .)
                0x0000000008009b4c                . = ALIGN (0x4)

.fini_array     0x0000000008009b4c        0x4
                0x0000000008009b4c                . = ALIGN (0x4)
                [!provide]                        PROVIDE (__fini_array_start = .)
 *(SORT_BY_NAME(.fini_array.*))
 *(.fini_array*)
 .fini_array    0x0000000008009b4c        0x4 c:/st/stm32cubeide_1.3.0/stm32cubeide/plugins/com.st.stm32cube.ide.mcu.externaltools.gnu-tools-for-stm32.9-2020-q2-update.win32_1.5.0.202011040924/tools/bin/../lib/gcc/arm-none-eabi/9.3.1/thumb/v7-m/nofp/crtbegin.o
                [!provide]                        PROVIDE (__fini_array_end = .)
                0x0000000008009b50                . = ALIGN (0x4)
                0x0000000008009b50                _sidata = LOADADDR (.data)

.data           0x0000000020000000      0x194 load address 0x0000000008009b50
                0x0000000020000000                . = ALIGN (0x4)
                0x0000000020000000                _sdata = .
 *(.data)
 *(.data*)
 .data.SystemCoreClock
                0x0000000020000000        0x4 Core/Src/system_stm32f1xx.o
                0x0000000020000000                SystemCoreClock
 .data.uwTickPrio
                0x0000000020000004        0x4 Drivers/STM32F1xx_HAL_Driver/Src/stm32f1xx_hal.o
                0x0000000020000004                uwTickPrio
 .data.uwTickFreq
                0x0000000020000008        0x1 Drivers/STM32F1xx_HAL_Driver/Src/stm32f1xx_hal.o
                0x0000000020000008                uwTickFreq
 *fill*         0x0000000020000009        0x3 
 .data.USBD_CDC_DeviceQualifierDesc
                0x000000002000000c        0xa Middlewares/ST/STM32_USB_Device_Library/Class/CDC/Src/usbd_cdc.o
 *fill*         0x0000000020000016        0x2 
 .data.USBD_CDC
                0x0000000020000018       0x38 Middlewares/ST/STM32_USB_Device_Library/Class/CDC/Src/usbd_cdc.o
                0x0000000020000018                USBD_CDC
 .data.USBD_CDC_CfgHSDesc
                0x0000000020000050       0x43 Middlewares/ST/STM32_USB_Device_Library/Class/CDC/Src/usbd_cdc.o
                0x0000000020000050                USBD_CDC_CfgHSDesc
 *fill*         0x0000000020000093        0x1 
 .data.USBD_CDC_CfgFSDesc
                0x0000000020000094       0x43 Middlewares/ST/STM32_USB_Device_Library/Class/CDC/Src/usbd_cdc.o
                0x0000000020000094                USBD_CDC_CfgFSDesc
 *fill*         0x00000000200000d7        0x1 
 .data.USBD_CDC_OtherSpeedCfgDesc
                0x00000000200000d8       0x43 Middlewares/ST/STM32_USB_Device_Library/Class/CDC/Src/usbd_cdc.o
                0x00000000200000d8                USBD_CDC_OtherSpeedCfgDesc
 *fill*         0x000000002000011b        0x1 
 .data.uxCriticalNesting
                0x000000002000011c        0x4 Middlewares/Third_Party/FreeRTOS/Source/portable/GCC/ARM_CM3/port.o
 .data.Representation.8345
                0x0000000020000120       0x11 Printf_Custom/printf_custom.o
 *fill*         0x0000000020000131        0x3 
 .data.USBD_Interface_fops_FS
                0x0000000020000134       0x10 USB_DEVICE/App/usbd_cdc_if.o
                0x0000000020000134                USBD_Interface_fops_FS
 .data.FS_Desc  0x0000000020000144       0x1c USB_DEVICE/App/usbd_desc.o
                0x0000000020000144                FS_Desc
 .data.USBD_FS_DeviceDesc
                0x0000000020000160       0x12 USB_DEVICE/App/usbd_desc.o
                0x0000000020000160                USBD_FS_DeviceDesc
 *fill*         0x0000000020000172        0x2 
 .data.USBD_LangIDDesc
                0x0000000020000174        0x4 USB_DEVICE/App/usbd_desc.o
                0x0000000020000174                USBD_LangIDDesc
 .data.USBD_StringSerial
                0x0000000020000178       0x1a USB_DEVICE/App/usbd_desc.o
                0x0000000020000178                USBD_StringSerial
 *(.RamFunc)
 *(.RamFunc*)
                0x0000000020000194                . = ALIGN (0x4)
 *fill*         0x0000000020000192        0x2 
                0x0000000020000194                _edata = .

.igot.plt       0x0000000020000194        0x0 load address 0x0000000008009ce4
 .igot.plt      0x0000000020000194        0x0 c:/st/stm32cubeide_1.3.0/stm32cubeide/plugins/com.st.stm32cube.ide.mcu.externaltools.gnu-tools-for-stm32.9-2020-q2-update.win32_1.5.0.202011040924/tools/bin/../lib/gcc/arm-none-eabi/9.3.1/thumb/v7-m/nofp/crtbegin.o
                0x0000000020000194                . = ALIGN (0x4)

.bss            0x0000000020000194     0x3174 load address 0x0000000008009ce4
                0x0000000020000194                _sbss = .
                0x0000000020000194                __bss_start__ = _sbss
 *(.bss)
 .bss           0x0000000020000194       0x1c c:/st/stm32cubeide_1.3.0/stm32cubeide/plugins/com.st.stm32cube.ide.mcu.externaltools.gnu-tools-for-stm32.9-2020-q2-update.win32_1.5.0.202011040924/tools/bin/../lib/gcc/arm-none-eabi/9.3.1/thumb/v7-m/nofp/crtbegin.o
 *(.bss*)
 .bss.xIdleTaskTCBBuffer
                0x00000000200001b0       0x54 Core/Src/freertos.o
 .bss.xIdleStack
                0x0000000020000204      0x200 Core/Src/freertos.o
 .bss.cfgidx.8358
                0x0000000020000404        0x1 Middlewares/ST/STM32_USB_Device_Library/Core/Src/usbd_ctlreq.o
 *fill*         0x0000000020000405        0x3 
 .bss.pxCurrentTCB
                0x0000000020000408        0x4 Middlewares/Third_Party/FreeRTOS/Source/tasks.o
                0x0000000020000408                pxCurrentTCB
 .bss.pxReadyTasksLists
                0x000000002000040c       0x8c Middlewares/Third_Party/FreeRTOS/Source/tasks.o
 .bss.xDelayedTaskList1
                0x0000000020000498       0x14 Middlewares/Third_Party/FreeRTOS/Source/tasks.o
 .bss.xDelayedTaskList2
                0x00000000200004ac       0x14 Middlewares/Third_Party/FreeRTOS/Source/tasks.o
 .bss.pxDelayedTaskList
                0x00000000200004c0        0x4 Middlewares/Third_Party/FreeRTOS/Source/tasks.o
 .bss.pxOverflowDelayedTaskList
                0x00000000200004c4        0x4 Middlewares/Third_Party/FreeRTOS/Source/tasks.o
 .bss.xPendingReadyList
                0x00000000200004c8       0x14 Middlewares/Third_Party/FreeRTOS/Source/tasks.o
 .bss.xTasksWaitingTermination
                0x00000000200004dc       0x14 Middlewares/Third_Party/FreeRTOS/Source/tasks.o
 .bss.uxDeletedTasksWaitingCleanUp
                0x00000000200004f0        0x4 Middlewares/Third_Party/FreeRTOS/Source/tasks.o
 .bss.xSuspendedTaskList
                0x00000000200004f4       0x14 Middlewares/Third_Party/FreeRTOS/Source/tasks.o
 .bss.uxCurrentNumberOfTasks
                0x0000000020000508        0x4 Middlewares/Third_Party/FreeRTOS/Source/tasks.o
 .bss.xTickCount
                0x000000002000050c        0x4 Middlewares/Third_Party/FreeRTOS/Source/tasks.o
 .bss.uxTopReadyPriority
                0x0000000020000510        0x4 Middlewares/Third_Party/FreeRTOS/Source/tasks.o
 .bss.xSchedulerRunning
                0x0000000020000514        0x4 Middlewares/Third_Party/FreeRTOS/Source/tasks.o
 .bss.uxPendedTicks
                0x0000000020000518        0x4 Middlewares/Third_Party/FreeRTOS/Source/tasks.o
 .bss.xYieldPending
                0x000000002000051c        0x4 Middlewares/Third_Party/FreeRTOS/Source/tasks.o
 .bss.xNumOfOverflows
                0x0000000020000520        0x4 Middlewares/Third_Party/FreeRTOS/Source/tasks.o
 .bss.uxTaskNumber
                0x0000000020000524        0x4 Middlewares/Third_Party/FreeRTOS/Source/tasks.o
 .bss.xNextTaskUnblockTime
                0x0000000020000528        0x4 Middlewares/Third_Party/FreeRTOS/Source/tasks.o
 .bss.xIdleTaskHandle
                0x000000002000052c        0x4 Middlewares/Third_Party/FreeRTOS/Source/tasks.o
 .bss.uxSchedulerSuspended
                0x0000000020000530        0x4 Middlewares/Third_Party/FreeRTOS/Source/tasks.o
 .bss.ucMaxSysCallPriority
                0x0000000020000534        0x1 Middlewares/Third_Party/FreeRTOS/Source/portable/GCC/ARM_CM3/port.o
 *fill*         0x0000000020000535        0x3 
 .bss.ulMaxPRIGROUPValue
                0x0000000020000538        0x4 Middlewares/Third_Party/FreeRTOS/Source/portable/GCC/ARM_CM3/port.o
 .bss.ucHeap    0x000000002000053c     0x1b58 Middlewares/Third_Party/FreeRTOS/Source/portable/MemMang/heap_4.o
 .bss.xStart    0x0000000020002094        0x8 Middlewares/Third_Party/FreeRTOS/Source/portable/MemMang/heap_4.o
 .bss.pxEnd     0x000000002000209c        0x4 Middlewares/Third_Party/FreeRTOS/Source/portable/MemMang/heap_4.o
 .bss.xFreeBytesRemaining
                0x00000000200020a0        0x4 Middlewares/Third_Party/FreeRTOS/Source/portable/MemMang/heap_4.o
 .bss.xMinimumEverFreeBytesRemaining
                0x00000000200020a4        0x4 Middlewares/Third_Party/FreeRTOS/Source/portable/MemMang/heap_4.o
 .bss.xBlockAllocatedBit
                0x00000000200020a8        0x4 Middlewares/Third_Party/FreeRTOS/Source/portable/MemMang/heap_4.o
 .bss.buf.8344  0x00000000200020ac       0x20 Printf_Custom/printf_custom.o
 .bss.mem.8428  0x00000000200020cc      0x220 USB_DEVICE/Target/usbd_conf.o
 *(COMMON)
 COMMON         0x00000000200022ec      0x2d4 Core/Src/freertos.o
                0x00000000200022ec                hUsbDeviceFS
                0x00000000200025b0                defaultTaskHandle
                0x00000000200025b4                Task3Handle
                0x00000000200025b8                Task2Handle
                0x00000000200025bc                TaskLEDHandle
 COMMON         0x00000000200025c0       0x48 Core/Src/stm32f1xx_hal_timebase_tim.o
                0x00000000200025c0                htim1
 COMMON         0x0000000020002608       0x40 Core/Src/usart.o
                0x0000000020002608                huart1
 COMMON         0x0000000020002648        0x4 Drivers/STM32F1xx_HAL_Driver/Src/stm32f1xx_hal.o
                0x0000000020002648                uwTick
 COMMON         0x000000002000264c      0x7d0 USB_DEVICE/App/usbd_cdc_if.o
                0x000000002000264c                UserRxBufferFS
                0x0000000020002a34                UserTxBufferFS
 COMMON         0x0000000020002e1c      0x200 USB_DEVICE/App/usbd_desc.o
                0x0000000020002e1c                USBD_StrDesc
 COMMON         0x000000002000301c      0x2ec USB_DEVICE/Target/usbd_conf.o
                0x000000002000301c                hpcd_USB_FS
                0x0000000020003308                . = ALIGN (0x4)
                0x0000000020003308                _ebss = .
                0x0000000020003308                __bss_end__ = _ebss

._user_heap_stack
                0x0000000020003308     0x1400 load address 0x0000000008009ce4
                0x0000000020003308                . = ALIGN (0x8)
                [!provide]                        PROVIDE (end = .)
                0x0000000020003308                PROVIDE (_end = .)
                0x0000000020004308                . = (. + _Min_Heap_Size)
 *fill*         0x0000000020003308     0x1000 
                0x0000000020004708                . = (. + _Min_Stack_Size)
 *fill*         0x0000000020004308      0x400 
                0x0000000020004708                . = ALIGN (0x8)

/DISCARD/
 libc.a(*)
 libm.a(*)
 libgcc.a(*)

.ARM.attributes
                0x0000000000000000       0x29
 *(.ARM.attributes)
 .ARM.attributes
                0x0000000000000000       0x1d c:/st/stm32cubeide_1.3.0/stm32cubeide/plugins/com.st.stm32cube.ide.mcu.externaltools.gnu-tools-for-stm32.9-2020-q2-update.win32_1.5.0.202011040924/tools/bin/../lib/gcc/arm-none-eabi/9.3.1/thumb/v7-m/nofp/crti.o
 .ARM.attributes
                0x000000000000001d       0x2d c:/st/stm32cubeide_1.3.0/stm32cubeide/plugins/com.st.stm32cube.ide.mcu.externaltools.gnu-tools-for-stm32.9-2020-q2-update.win32_1.5.0.202011040924/tools/bin/../lib/gcc/arm-none-eabi/9.3.1/thumb/v7-m/nofp/crtbegin.o
 .ARM.attributes
                0x000000000000004a       0x2d Core/Src/freertos.o
 .ARM.attributes
                0x0000000000000077       0x2d Core/Src/gpio.o
 .ARM.attributes
                0x00000000000000a4       0x2d Core/Src/main.o
 .ARM.attributes
                0x00000000000000d1       0x2d Core/Src/stm32f1xx_hal_msp.o
 .ARM.attributes
                0x00000000000000fe       0x2d Core/Src/stm32f1xx_hal_timebase_tim.o
 .ARM.attributes
                0x000000000000012b       0x2d Core/Src/stm32f1xx_it.o
 .ARM.attributes
                0x0000000000000158       0x2d Core/Src/system_stm32f1xx.o
 .ARM.attributes
                0x0000000000000185       0x2d Core/Src/usart.o
 .ARM.attributes
                0x00000000000001b2       0x21 Core/Startup/startup_stm32f103c8tx.o
 .ARM.attributes
                0x00000000000001d3       0x2d Drivers/STM32F1xx_HAL_Driver/Src/stm32f1xx_hal.o
 .ARM.attributes
                0x0000000000000200       0x2d Drivers/STM32F1xx_HAL_Driver/Src/stm32f1xx_hal_cortex.o
 .ARM.attributes
                0x000000000000022d       0x2d Drivers/STM32F1xx_HAL_Driver/Src/stm32f1xx_hal_gpio.o
 .ARM.attributes
                0x000000000000025a       0x2d Drivers/STM32F1xx_HAL_Driver/Src/stm32f1xx_hal_pcd.o
 .ARM.attributes
                0x0000000000000287       0x2d Drivers/STM32F1xx_HAL_Driver/Src/stm32f1xx_hal_pcd_ex.o
 .ARM.attributes
                0x00000000000002b4       0x2d Drivers/STM32F1xx_HAL_Driver/Src/stm32f1xx_hal_rcc.o
 .ARM.attributes
                0x00000000000002e1       0x2d Drivers/STM32F1xx_HAL_Driver/Src/stm32f1xx_hal_rcc_ex.o
 .ARM.attributes
                0x000000000000030e       0x2d Drivers/STM32F1xx_HAL_Driver/Src/stm32f1xx_hal_tim.o
 .ARM.attributes
                0x000000000000033b       0x2d Drivers/STM32F1xx_HAL_Driver/Src/stm32f1xx_hal_tim_ex.o
 .ARM.attributes
                0x0000000000000368       0x2d Drivers/STM32F1xx_HAL_Driver/Src/stm32f1xx_hal_uart.o
 .ARM.attributes
                0x0000000000000395       0x2d Drivers/STM32F1xx_HAL_Driver/Src/stm32f1xx_ll_usb.o
 .ARM.attributes
                0x00000000000003c2       0x2d Middlewares/ST/STM32_USB_Device_Library/Class/CDC/Src/usbd_cdc.o
 .ARM.attributes
                0x00000000000003ef       0x2d Middlewares/ST/STM32_USB_Device_Library/Core/Src/usbd_core.o
 .ARM.attributes
                0x000000000000041c       0x2d Middlewares/ST/STM32_USB_Device_Library/Core/Src/usbd_ctlreq.o
 .ARM.attributes
                0x0000000000000449       0x2d Middlewares/ST/STM32_USB_Device_Library/Core/Src/usbd_ioreq.o
 .ARM.attributes
                0x0000000000000476       0x2d Middlewares/Third_Party/FreeRTOS/Source/CMSIS_RTOS/cmsis_os.o
 .ARM.attributes
                0x00000000000004a3       0x2d Middlewares/Third_Party/FreeRTOS/Source/list.o
 .ARM.attributes
                0x00000000000004d0       0x2d Middlewares/Third_Party/FreeRTOS/Source/tasks.o
 .ARM.attributes
                0x00000000000004fd       0x2d Middlewares/Third_Party/FreeRTOS/Source/portable/GCC/ARM_CM3/port.o
 .ARM.attributes
                0x000000000000052a       0x2d Middlewares/Third_Party/FreeRTOS/Source/portable/MemMang/heap_4.o
 .ARM.attributes
                0x0000000000000557       0x2d Printf_Custom/printf_custom.o
 .ARM.attributes
                0x0000000000000584       0x2d USB_DEVICE/App/usb_device.o
 .ARM.attributes
                0x00000000000005b1       0x2d USB_DEVICE/App/usbd_cdc_if.o
 .ARM.attributes
                0x00000000000005de       0x2d USB_DEVICE/App/usbd_desc.o
 .ARM.attributes
                0x000000000000060b       0x2d USB_DEVICE/Target/usbd_conf.o
 .ARM.attributes
                0x0000000000000638       0x2d c:/st/stm32cubeide_1.3.0/stm32cubeide/plugins/com.st.stm32cube.ide.mcu.externaltools.gnu-tools-for-stm32.9-2020-q2-update.win32_1.5.0.202011040924/tools/bin/../lib/gcc/arm-none-eabi/9.3.1/../../../../arm-none-eabi/lib/thumb/v7-m/nofp\libc_nano.a(lib_a-init.o)
 .ARM.attributes
                0x0000000000000665       0x2d c:/st/stm32cubeide_1.3.0/stm32cubeide/plugins/com.st.stm32cube.ide.mcu.externaltools.gnu-tools-for-stm32.9-2020-q2-update.win32_1.5.0.202011040924/tools/bin/../lib/gcc/arm-none-eabi/9.3.1/../../../../arm-none-eabi/lib/thumb/v7-m/nofp\libc_nano.a(lib_a-memset.o)
 .ARM.attributes
                0x0000000000000692       0x1d c:/st/stm32cubeide_1.3.0/stm32cubeide/plugins/com.st.stm32cube.ide.mcu.externaltools.gnu-tools-for-stm32.9-2020-q2-update.win32_1.5.0.202011040924/tools/bin/../lib/gcc/arm-none-eabi/9.3.1/thumb/v7-m/nofp\libgcc.a(_arm_muldf3.o)
 .ARM.attributes
                0x00000000000006af       0x1d c:/st/stm32cubeide_1.3.0/stm32cubeide/plugins/com.st.stm32cube.ide.mcu.externaltools.gnu-tools-for-stm32.9-2020-q2-update.win32_1.5.0.202011040924/tools/bin/../lib/gcc/arm-none-eabi/9.3.1/thumb/v7-m/nofp\libgcc.a(_arm_addsubdf3.o)
 .ARM.attributes
                0x00000000000006cc       0x1d c:/st/stm32cubeide_1.3.0/stm32cubeide/plugins/com.st.stm32cube.ide.mcu.externaltools.gnu-tools-for-stm32.9-2020-q2-update.win32_1.5.0.202011040924/tools/bin/../lib/gcc/arm-none-eabi/9.3.1/thumb/v7-m/nofp\libgcc.a(_arm_cmpdf2.o)
 .ARM.attributes
                0x00000000000006e9       0x1d c:/st/stm32cubeide_1.3.0/stm32cubeide/plugins/com.st.stm32cube.ide.mcu.externaltools.gnu-tools-for-stm32.9-2020-q2-update.win32_1.5.0.202011040924/tools/bin/../lib/gcc/arm-none-eabi/9.3.1/thumb/v7-m/nofp\libgcc.a(_arm_fixdfsi.o)
 .ARM.attributes
                0x0000000000000706       0x1d c:/st/stm32cubeide_1.3.0/stm32cubeide/plugins/com.st.stm32cube.ide.mcu.externaltools.gnu-tools-for-stm32.9-2020-q2-update.win32_1.5.0.202011040924/tools/bin/../lib/gcc/arm-none-eabi/9.3.1/thumb/v7-m/nofp/crtn.o
OUTPUT(FreeRTOS_1.elf elf32-littlearm)
LOAD linker stubs
LOAD c:/st/stm32cubeide_1.3.0/stm32cubeide/plugins/com.st.stm32cube.ide.mcu.externaltools.gnu-tools-for-stm32.9-2020-q2-update.win32_1.5.0.202011040924/tools/bin/../lib/gcc/arm-none-eabi/9.3.1/../../../../arm-none-eabi/lib/thumb/v7-m/nofp\libc.a
LOAD c:/st/stm32cubeide_1.3.0/stm32cubeide/plugins/com.st.stm32cube.ide.mcu.externaltools.gnu-tools-for-stm32.9-2020-q2-update.win32_1.5.0.202011040924/tools/bin/../lib/gcc/arm-none-eabi/9.3.1/../../../../arm-none-eabi/lib/thumb/v7-m/nofp\libm.a
LOAD c:/st/stm32cubeide_1.3.0/stm32cubeide/plugins/com.st.stm32cube.ide.mcu.externaltools.gnu-tools-for-stm32.9-2020-q2-update.win32_1.5.0.202011040924/tools/bin/../lib/gcc/arm-none-eabi/9.3.1/thumb/v7-m/nofp\libgcc.a

.debug_info     0x0000000000000000    0x20eaa
 .debug_info    0x0000000000000000     0x13f5 Core/Src/freertos.o
 .debug_info    0x00000000000013f5      0x38f Core/Src/gpio.o
 .debug_info    0x0000000000001784     0x1421 Core/Src/main.o
 .debug_info    0x0000000000002ba5      0x443 Core/Src/stm32f1xx_hal_msp.o
 .debug_info    0x0000000000002fe8      0xa19 Core/Src/stm32f1xx_hal_timebase_tim.o
 .debug_info    0x0000000000003a01      0xc44 Core/Src/stm32f1xx_it.o
 .debug_info    0x0000000000004645      0x2be Core/Src/system_stm32f1xx.o
 .debug_info    0x0000000000004903      0x833 Core/Src/usart.o
 .debug_info    0x0000000000005136       0x22 Core/Startup/startup_stm32f103c8tx.o
 .debug_info    0x0000000000005158      0x76a Drivers/STM32F1xx_HAL_Driver/Src/stm32f1xx_hal.o
 .debug_info    0x00000000000058c2      0xbdc Drivers/STM32F1xx_HAL_Driver/Src/stm32f1xx_hal_cortex.o
 .debug_info    0x000000000000649e      0x701 Drivers/STM32F1xx_HAL_Driver/Src/stm32f1xx_hal_gpio.o
 .debug_info    0x0000000000006b9f     0x1332 Drivers/STM32F1xx_HAL_Driver/Src/stm32f1xx_hal_pcd.o
 .debug_info    0x0000000000007ed1      0x7fa Drivers/STM32F1xx_HAL_Driver/Src/stm32f1xx_hal_pcd_ex.o
 .debug_info    0x00000000000086cb      0x88e Drivers/STM32F1xx_HAL_Driver/Src/stm32f1xx_hal_rcc.o
 .debug_info    0x0000000000008f59      0x480 Drivers/STM32F1xx_HAL_Driver/Src/stm32f1xx_hal_rcc_ex.o
 .debug_info    0x00000000000093d9     0x2a43 Drivers/STM32F1xx_HAL_Driver/Src/stm32f1xx_hal_tim.o
 .debug_info    0x000000000000be1c     0x1495 Drivers/STM32F1xx_HAL_Driver/Src/stm32f1xx_hal_tim_ex.o
 .debug_info    0x000000000000d2b1     0x1322 Drivers/STM32F1xx_HAL_Driver/Src/stm32f1xx_hal_uart.o
 .debug_info    0x000000000000e5d3     0x1911 Drivers/STM32F1xx_HAL_Driver/Src/stm32f1xx_ll_usb.o
 .debug_info    0x000000000000fee4     0x1938 Middlewares/ST/STM32_USB_Device_Library/Class/CDC/Src/usbd_cdc.o
 .debug_info    0x000000000001181c     0x12ef Middlewares/ST/STM32_USB_Device_Library/Core/Src/usbd_core.o
 .debug_info    0x0000000000012b0b     0x125c Middlewares/ST/STM32_USB_Device_Library/Core/Src/usbd_ctlreq.o
 .debug_info    0x0000000000013d67     0x102e Middlewares/ST/STM32_USB_Device_Library/Core/Src/usbd_ioreq.o
 .debug_info    0x0000000000014d95     0x2019 Middlewares/Third_Party/FreeRTOS/Source/CMSIS_RTOS/cmsis_os.o
 .debug_info    0x0000000000016dae      0xb7c Middlewares/Third_Party/FreeRTOS/Source/list.o
 .debug_info    0x000000000001792a     0x247d Middlewares/Third_Party/FreeRTOS/Source/tasks.o
 .debug_info    0x0000000000019da7      0x4a1 Middlewares/Third_Party/FreeRTOS/Source/portable/GCC/ARM_CM3/port.o
 .debug_info    0x000000000001a248      0xc77 Middlewares/Third_Party/FreeRTOS/Source/portable/MemMang/heap_4.o
 .debug_info    0x000000000001aebf     0x11d2 Printf_Custom/printf_custom.o
 .debug_info    0x000000000001c091      0xf6b USB_DEVICE/App/usb_device.o
 .debug_info    0x000000000001cffc     0x1140 USB_DEVICE/App/usbd_cdc_if.o
 .debug_info    0x000000000001e13c      0xde8 USB_DEVICE/App/usbd_desc.o
 .debug_info    0x000000000001ef24     0x1f86 USB_DEVICE/Target/usbd_conf.o

.debug_abbrev   0x0000000000000000     0x4bd7
 .debug_abbrev  0x0000000000000000      0x25b Core/Src/freertos.o
 .debug_abbrev  0x000000000000025b      0x14e Core/Src/gpio.o
 .debug_abbrev  0x00000000000003a9      0x257 Core/Src/main.o
 .debug_abbrev  0x0000000000000600      0x126 Core/Src/stm32f1xx_hal_msp.o
 .debug_abbrev  0x0000000000000726      0x1bf Core/Src/stm32f1xx_hal_timebase_tim.o
 .debug_abbrev  0x00000000000008e5      0x1a7 Core/Src/stm32f1xx_it.o
 .debug_abbrev  0x0000000000000a8c      0x14e Core/Src/system_stm32f1xx.o
 .debug_abbrev  0x0000000000000bda      0x1bb Core/Src/usart.o
 .debug_abbrev  0x0000000000000d95       0x12 Core/Startup/startup_stm32f103c8tx.o
 .debug_abbrev  0x0000000000000da7      0x1ed Drivers/STM32F1xx_HAL_Driver/Src/stm32f1xx_hal.o
 .debug_abbrev  0x0000000000000f94      0x313 Drivers/STM32F1xx_HAL_Driver/Src/stm32f1xx_hal_cortex.o
 .debug_abbrev  0x00000000000012a7      0x1e8 Drivers/STM32F1xx_HAL_Driver/Src/stm32f1xx_hal_gpio.o
 .debug_abbrev  0x000000000000148f      0x29e Drivers/STM32F1xx_HAL_Driver/Src/stm32f1xx_hal_pcd.o
 .debug_abbrev  0x000000000000172d      0x1ac Drivers/STM32F1xx_HAL_Driver/Src/stm32f1xx_hal_pcd_ex.o
 .debug_abbrev  0x00000000000018d9      0x273 Drivers/STM32F1xx_HAL_Driver/Src/stm32f1xx_hal_rcc.o
 .debug_abbrev  0x0000000000001b4c      0x193 Drivers/STM32F1xx_HAL_Driver/Src/stm32f1xx_hal_rcc_ex.o
 .debug_abbrev  0x0000000000001cdf      0x25e Drivers/STM32F1xx_HAL_Driver/Src/stm32f1xx_hal_tim.o
 .debug_abbrev  0x0000000000001f3d      0x266 Drivers/STM32F1xx_HAL_Driver/Src/stm32f1xx_hal_tim_ex.o
 .debug_abbrev  0x00000000000021a3      0x270 Drivers/STM32F1xx_HAL_Driver/Src/stm32f1xx_hal_uart.o
 .debug_abbrev  0x0000000000002413      0x1fa Drivers/STM32F1xx_HAL_Driver/Src/stm32f1xx_ll_usb.o
 .debug_abbrev  0x000000000000260d      0x2f6 Middlewares/ST/STM32_USB_Device_Library/Class/CDC/Src/usbd_cdc.o
 .debug_abbrev  0x0000000000002903      0x2a8 Middlewares/ST/STM32_USB_Device_Library/Core/Src/usbd_core.o
 .debug_abbrev  0x0000000000002bab      0x2de Middlewares/ST/STM32_USB_Device_Library/Core/Src/usbd_ctlreq.o
 .debug_abbrev  0x0000000000002e89      0x20a Middlewares/ST/STM32_USB_Device_Library/Core/Src/usbd_ioreq.o
 .debug_abbrev  0x0000000000003093      0x3c2 Middlewares/Third_Party/FreeRTOS/Source/CMSIS_RTOS/cmsis_os.o
 .debug_abbrev  0x0000000000003455      0x1f7 Middlewares/Third_Party/FreeRTOS/Source/list.o
 .debug_abbrev  0x000000000000364c      0x380 Middlewares/Third_Party/FreeRTOS/Source/tasks.o
 .debug_abbrev  0x00000000000039cc      0x22f Middlewares/Third_Party/FreeRTOS/Source/portable/GCC/ARM_CM3/port.o
 .debug_abbrev  0x0000000000003bfb      0x2d3 Middlewares/Third_Party/FreeRTOS/Source/portable/MemMang/heap_4.o
 .debug_abbrev  0x0000000000003ece      0x27f Printf_Custom/printf_custom.o
 .debug_abbrev  0x000000000000414d      0x1e4 USB_DEVICE/App/usb_device.o
 .debug_abbrev  0x0000000000004331      0x2bf USB_DEVICE/App/usbd_cdc_if.o
 .debug_abbrev  0x00000000000045f0      0x2ca USB_DEVICE/App/usbd_desc.o
 .debug_abbrev  0x00000000000048ba      0x31d USB_DEVICE/Target/usbd_conf.o

.debug_aranges  0x0000000000000000     0x16e8
 .debug_aranges
                0x0000000000000000       0x60 Core/Src/freertos.o
 .debug_aranges
                0x0000000000000060       0x20 Core/Src/gpio.o
 .debug_aranges
                0x0000000000000080       0x38 Core/Src/main.o
 .debug_aranges
                0x00000000000000b8       0x20 Core/Src/stm32f1xx_hal_msp.o
 .debug_aranges
                0x00000000000000d8       0x30 Core/Src/stm32f1xx_hal_timebase_tim.o
 .debug_aranges
                0x0000000000000108       0x58 Core/Src/stm32f1xx_it.o
 .debug_aranges
                0x0000000000000160       0x28 Core/Src/system_stm32f1xx.o
 .debug_aranges
                0x0000000000000188       0x30 Core/Src/usart.o
 .debug_aranges
                0x00000000000001b8       0x28 Core/Startup/startup_stm32f103c8tx.o
 .debug_aranges
                0x00000000000001e0       0xe0 Drivers/STM32F1xx_HAL_Driver/Src/stm32f1xx_hal.o
 .debug_aranges
                0x00000000000002c0      0x100 Drivers/STM32F1xx_HAL_Driver/Src/stm32f1xx_hal_cortex.o
 .debug_aranges
                0x00000000000003c0       0x58 Drivers/STM32F1xx_HAL_Driver/Src/stm32f1xx_hal_gpio.o
 .debug_aranges
                0x0000000000000418      0x138 Drivers/STM32F1xx_HAL_Driver/Src/stm32f1xx_hal_pcd.o
 .debug_aranges
                0x0000000000000550       0x38 Drivers/STM32F1xx_HAL_Driver/Src/stm32f1xx_hal_pcd_ex.o
 .debug_aranges
                0x0000000000000588       0x90 Drivers/STM32F1xx_HAL_Driver/Src/stm32f1xx_hal_rcc.o
 .debug_aranges
                0x0000000000000618       0x30 Drivers/STM32F1xx_HAL_Driver/Src/stm32f1xx_hal_rcc_ex.o
 .debug_aranges
                0x0000000000000648      0x3d0 Drivers/STM32F1xx_HAL_Driver/Src/stm32f1xx_hal_tim.o
 .debug_aranges
                0x0000000000000a18      0x168 Drivers/STM32F1xx_HAL_Driver/Src/stm32f1xx_hal_tim_ex.o
 .debug_aranges
                0x0000000000000b80      0x1d0 Drivers/STM32F1xx_HAL_Driver/Src/stm32f1xx_hal_uart.o
 .debug_aranges
                0x0000000000000d50       0xf0 Drivers/STM32F1xx_HAL_Driver/Src/stm32f1xx_ll_usb.o
 .debug_aranges
                0x0000000000000e40       0x90 Middlewares/ST/STM32_USB_Device_Library/Class/CDC/Src/usbd_cdc.o
 .debug_aranges
                0x0000000000000ed0       0xb8 Middlewares/ST/STM32_USB_Device_Library/Core/Src/usbd_core.o
 .debug_aranges
                0x0000000000000f88       0x88 Middlewares/ST/STM32_USB_Device_Library/Core/Src/usbd_ctlreq.o
 .debug_aranges
                0x0000000000001010       0x50 Middlewares/ST/STM32_USB_Device_Library/Core/Src/usbd_ioreq.o
 .debug_aranges
                0x0000000000001060      0x1d8 Middlewares/Third_Party/FreeRTOS/Source/CMSIS_RTOS/cmsis_os.o
 .debug_aranges
                0x0000000000001238       0x40 Middlewares/Third_Party/FreeRTOS/Source/list.o
 .debug_aranges
                0x0000000000001278      0x1a8 Middlewares/Third_Party/FreeRTOS/Source/tasks.o
 .debug_aranges
                0x0000000000001420       0x78 Middlewares/Third_Party/FreeRTOS/Source/portable/GCC/ARM_CM3/port.o
 .debug_aranges
                0x0000000000001498       0x50 Middlewares/Third_Party/FreeRTOS/Source/portable/MemMang/heap_4.o
 .debug_aranges
                0x00000000000014e8       0x28 Printf_Custom/printf_custom.o
 .debug_aranges
                0x0000000000001510       0x20 USB_DEVICE/App/usb_device.o
 .debug_aranges
                0x0000000000001530       0x40 USB_DEVICE/App/usbd_cdc_if.o
 .debug_aranges
                0x0000000000001570       0x60 USB_DEVICE/App/usbd_desc.o
 .debug_aranges
                0x00000000000015d0      0x118 USB_DEVICE/Target/usbd_conf.o

.debug_ranges   0x0000000000000000     0x14d0
 .debug_ranges  0x0000000000000000       0x50 Core/Src/freertos.o
 .debug_ranges  0x0000000000000050       0x10 Core/Src/gpio.o
 .debug_ranges  0x0000000000000060       0x28 Core/Src/main.o
 .debug_ranges  0x0000000000000088       0x10 Core/Src/stm32f1xx_hal_msp.o
 .debug_ranges  0x0000000000000098       0x20 Core/Src/stm32f1xx_hal_timebase_tim.o
 .debug_ranges  0x00000000000000b8       0x48 Core/Src/stm32f1xx_it.o
 .debug_ranges  0x0000000000000100       0x18 Core/Src/system_stm32f1xx.o
 .debug_ranges  0x0000000000000118       0x20 Core/Src/usart.o
 .debug_ranges  0x0000000000000138       0x20 Core/Startup/startup_stm32f103c8tx.o
 .debug_ranges  0x0000000000000158       0xd0 Drivers/STM32F1xx_HAL_Driver/Src/stm32f1xx_hal.o
 .debug_ranges  0x0000000000000228       0xf0 Drivers/STM32F1xx_HAL_Driver/Src/stm32f1xx_hal_cortex.o
 .debug_ranges  0x0000000000000318       0x48 Drivers/STM32F1xx_HAL_Driver/Src/stm32f1xx_hal_gpio.o
 .debug_ranges  0x0000000000000360      0x128 Drivers/STM32F1xx_HAL_Driver/Src/stm32f1xx_hal_pcd.o
 .debug_ranges  0x0000000000000488       0x28 Drivers/STM32F1xx_HAL_Driver/Src/stm32f1xx_hal_pcd_ex.o
 .debug_ranges  0x00000000000004b0       0x80 Drivers/STM32F1xx_HAL_Driver/Src/stm32f1xx_hal_rcc.o
 .debug_ranges  0x0000000000000530       0x20 Drivers/STM32F1xx_HAL_Driver/Src/stm32f1xx_hal_rcc_ex.o
 .debug_ranges  0x0000000000000550      0x3c0 Drivers/STM32F1xx_HAL_Driver/Src/stm32f1xx_hal_tim.o
 .debug_ranges  0x0000000000000910      0x158 Drivers/STM32F1xx_HAL_Driver/Src/stm32f1xx_hal_tim_ex.o
 .debug_ranges  0x0000000000000a68      0x1c0 Drivers/STM32F1xx_HAL_Driver/Src/stm32f1xx_hal_uart.o
 .debug_ranges  0x0000000000000c28       0xe0 Drivers/STM32F1xx_HAL_Driver/Src/stm32f1xx_ll_usb.o
 .debug_ranges  0x0000000000000d08       0x80 Middlewares/ST/STM32_USB_Device_Library/Class/CDC/Src/usbd_cdc.o
 .debug_ranges  0x0000000000000d88       0xa8 Middlewares/ST/STM32_USB_Device_Library/Core/Src/usbd_core.o
 .debug_ranges  0x0000000000000e30       0x78 Middlewares/ST/STM32_USB_Device_Library/Core/Src/usbd_ctlreq.o
 .debug_ranges  0x0000000000000ea8       0x40 Middlewares/ST/STM32_USB_Device_Library/Core/Src/usbd_ioreq.o
 .debug_ranges  0x0000000000000ee8      0x1c8 Middlewares/Third_Party/FreeRTOS/Source/CMSIS_RTOS/cmsis_os.o
 .debug_ranges  0x00000000000010b0       0x30 Middlewares/Third_Party/FreeRTOS/Source/list.o
 .debug_ranges  0x00000000000010e0      0x198 Middlewares/Third_Party/FreeRTOS/Source/tasks.o
 .debug_ranges  0x0000000000001278       0x68 Middlewares/Third_Party/FreeRTOS/Source/portable/GCC/ARM_CM3/port.o
 .debug_ranges  0x00000000000012e0       0x40 Middlewares/Third_Party/FreeRTOS/Source/portable/MemMang/heap_4.o
 .debug_ranges  0x0000000000001320       0x18 Printf_Custom/printf_custom.o
 .debug_ranges  0x0000000000001338       0x10 USB_DEVICE/App/usb_device.o
 .debug_ranges  0x0000000000001348       0x30 USB_DEVICE/App/usbd_cdc_if.o
 .debug_ranges  0x0000000000001378       0x50 USB_DEVICE/App/usbd_desc.o
 .debug_ranges  0x00000000000013c8      0x108 USB_DEVICE/Target/usbd_conf.o

.debug_macro    0x0000000000000000    0x1cf81
 .debug_macro   0x0000000000000000      0x4b3 Core/Src/freertos.o
 .debug_macro   0x00000000000004b3      0xa9c Core/Src/freertos.o
 .debug_macro   0x0000000000000f4f      0x174 Core/Src/freertos.o
 .debug_macro   0x00000000000010c3       0x22 Core/Src/freertos.o
 .debug_macro   0x00000000000010e5       0x8e Core/Src/freertos.o
 .debug_macro   0x0000000000001173       0x51 Core/Src/freertos.o
 .debug_macro   0x00000000000011c4      0x103 Core/Src/freertos.o
 .debug_macro   0x00000000000012c7       0x6a Core/Src/freertos.o
 .debug_macro   0x0000000000001331      0x1df Core/Src/freertos.o
 .debug_macro   0x0000000000001510       0xd6 Core/Src/freertos.o
 .debug_macro   0x00000000000015e6      0x15a Core/Src/freertos.o
 .debug_macro   0x0000000000001740       0xd7 Core/Src/freertos.o
 .debug_macro   0x0000000000001817       0x10 Core/Src/freertos.o
 .debug_macro   0x0000000000001827       0x1f Core/Src/freertos.o
 .debug_macro   0x0000000000001846      0x4b7 Core/Src/freertos.o
 .debug_macro   0x0000000000001cfd       0xb5 Core/Src/freertos.o
 .debug_macro   0x0000000000001db2       0x8c Core/Src/freertos.o
 .debug_macro   0x0000000000001e3e      0x221 Core/Src/freertos.o
 .debug_macro   0x000000000000205f       0x2e Core/Src/freertos.o
 .debug_macro   0x000000000000208d       0x22 Core/Src/freertos.o
 .debug_macro   0x00000000000020af       0x1c Core/Src/freertos.o
 .debug_macro   0x00000000000020cb       0x22 Core/Src/freertos.o
 .debug_macro   0x00000000000020ed       0xc3 Core/Src/freertos.o
 .debug_macro   0x00000000000021b0      0xd23 Core/Src/freertos.o
 .debug_macro   0x0000000000002ed3     0xe097 Core/Src/freertos.o
 .debug_macro   0x0000000000010f6a       0x43 Core/Src/freertos.o
 .debug_macro   0x0000000000010fad     0x3468 Core/Src/freertos.o
 .debug_macro   0x0000000000014415       0x5c Core/Src/freertos.o
 .debug_macro   0x0000000000014471      0x5be Core/Src/freertos.o
 .debug_macro   0x0000000000014a2f      0x289 Core/Src/freertos.o
 .debug_macro   0x0000000000014cb8      0x1cb Core/Src/freertos.o
 .debug_macro   0x0000000000014e83      0x114 Core/Src/freertos.o
 .debug_macro   0x0000000000014f97      0x1b2 Core/Src/freertos.o
 .debug_macro   0x0000000000015149       0x27 Core/Src/freertos.o
 .debug_macro   0x0000000000015170      0x136 Core/Src/freertos.o
 .debug_macro   0x00000000000152a6      0x1bc Core/Src/freertos.o
 .debug_macro   0x0000000000015462       0x34 Core/Src/freertos.o
 .debug_macro   0x0000000000015496       0x3c Core/Src/freertos.o
 .debug_macro   0x00000000000154d2       0x57 Core/Src/freertos.o
 .debug_macro   0x0000000000015529       0x88 Core/Src/freertos.o
 .debug_macro   0x00000000000155b1      0x241 Core/Src/freertos.o
 .debug_macro   0x00000000000157f2      0x141 Core/Src/freertos.o
 .debug_macro   0x0000000000015933      0x8d1 Core/Src/freertos.o
 .debug_macro   0x0000000000016204      0x26b Core/Src/freertos.o
 .debug_macro   0x000000000001646f       0x65 Core/Src/freertos.o
 .debug_macro   0x00000000000164d4      0x249 Core/Src/freertos.o
 .debug_macro   0x000000000001671d       0x83 Core/Src/freertos.o
 .debug_macro   0x00000000000167a0       0x10 Core/Src/freertos.o
 .debug_macro   0x00000000000167b0       0x91 Core/Src/freertos.o
 .debug_macro   0x0000000000016841       0x8d Core/Src/freertos.o
 .debug_macro   0x00000000000168ce       0x7e Core/Src/freertos.o
 .debug_macro   0x000000000001694c       0x19 Core/Src/freertos.o
 .debug_macro   0x0000000000016965       0xf2 Core/Src/freertos.o
 .debug_macro   0x0000000000016a57       0x58 Core/Src/freertos.o
 .debug_macro   0x0000000000016aaf       0x10 Core/Src/freertos.o
 .debug_macro   0x0000000000016abf       0x52 Core/Src/freertos.o
 .debug_macro   0x0000000000016b11       0x18 Core/Src/freertos.o
 .debug_macro   0x0000000000016b29       0x3c Core/Src/freertos.o
 .debug_macro   0x0000000000016b65       0x34 Core/Src/freertos.o
 .debug_macro   0x0000000000016b99       0x16 Core/Src/freertos.o
 .debug_macro   0x0000000000016baf       0x35 Core/Src/freertos.o
 .debug_macro   0x0000000000016be4      0x333 Core/Src/freertos.o
 .debug_macro   0x0000000000016f17       0x16 Core/Src/freertos.o
 .debug_macro   0x0000000000016f2d       0x43 Core/Src/freertos.o
 .debug_macro   0x0000000000016f70       0x34 Core/Src/freertos.o